rtk : [rtk] /!\ No hook installed — run `rtk init -g` for automatic token savings
No linha:2 caractere:1
+ rtk proxy C:/src/flutter/bin/flutter.bat test --no-pub test/features/ ...
+ ~~~~~~~~~~~~~~~~~~~~~~~~~~~~~~~~~~~~~~~~~~~~~~~~~~~~~~~~~~~~~~~~~~~~~
    + CategoryInfo          : NotSpecified: ([rtk] /!\ No ho...c token savings:String) [], RemoteException
    + FullyQualifiedErrorId : NativeCommandError
 
00:00 +0: loading C:/Users/adrie/Documents/Coelo.worktrees/e2-r02-d04-acessos/apps/superadmin/test/features/platform_users/presentation/platform_user_form_context_test.dart
00:00 +0: real form without institution catalog does not offer fictional scopes
  [1m[flutter_map][0m
    We want to help keep OpenStreetMap available for everyone. Our examples
    and demo app use the public tile servers, but they are NOT free to use by
    everyone! Please review whether the OpenStreetMap tile servers are suitable
    for your project.
    See:
      * https://operations.osmfoundation.org/policies/tiles (OSM Tile Usage Policy)
      * https://docs.fleaflet.dev/osm-warn for more information about this warning
══╡ EXCEPTION CAUGHT BY FLUTTER TEST FRAMEWORK ╞════════════════════════════════════════════════════
The following TestFailure was thrown running a test:
Expected: exactly one matching candidate
  Actual: _TextWidgetFinder:<Found 0 widgets with text "Catálogo de instituições indisponível": []>
   Which: means none were found but one was expected

When the exception was thrown, this was the stack:
#4      main.<anonymous closure> (file:///C:/Users/adrie/Documents/Coelo.worktrees/e2-r02-d04-acessos/apps/superadmin/test/features/platform_users/presentation/platform_user_form_context_test.dart:20:5)
<asynchronous suspension>
#5      testWidgets.<anonymous closure>.<anonymous closure> (package:flutter_test/src/widget_tester.dart:192:15)
<asynchronous suspension>
#6      TestWidgetsFlutterBinding._runTestBody (package:flutter_test/src/binding.dart:1952:5)
<asynchronous suspension>
<asynchronous suspension>
(elided one frame from package:stack_trace)

This was caught by the test expectation on the following line:
  file:///C:/Users/adrie/Documents/Coelo.worktrees/e2-r02-d04-acessos/apps/superadmin/test/features/platform_users/presentation/platform_user_form_context_test.dart line 20
The test description was:
  real form without institution catalog does not offer fictional scopes
════════════════════════════════════════════════════════════════════════════════════════════════════
00:01 +0 -1: real form without institution catalog does not offer fictional scopes [E]
  Test failed. See exception logs above.
  The test description was: real form without institution catalog does not offer fictional scopes
  
Warning: At least one test in this suite creates an HttpClient. When running a test suite that uses
TestWidgetsFlutterBinding, all HTTP requests will return status code 400, and no network request
will actually be made. Any test expecting a real network connection and status code will fail.
To test code that needs an HttpClient, provide your own HttpClient implementation to the code under
test, so that your test can consistently provide a testable response to the code under test.
00:01 +0 -1: real unknown membership scopes survive review and identity update
  [1m[flutter_map][0m
    We want to help keep OpenStreetMap available for everyone. Our examples
    and demo app use the public tile servers, but they are NOT free to use by
    everyone! Please review whether the OpenStreetMap tile servers are suitable
    for your project.
    See:
      * https://operations.osmfoundation.org/policies/tiles (OSM Tile Usage Policy)
      * https://docs.fleaflet.dev/osm-warn for more information about this warning
══╡ EXCEPTION CAUGHT BY FLUTTER TEST FRAMEWORK ╞════════════════════════════════════════════════════
The following TestFailure was thrown running a test:
Expected: null
  Actual: _TypeError:<Null check operator used on a null value>

When the exception was thrown, this was the stack:
#4      main.<anonymous closure> (file:///C:/Users/adrie/Documents/Coelo.worktrees/e2-r02-d04-acessos/apps/superadmin/test/features/platform_users/presentation/platform_user_form_context_test.dart:32:7)
<asynchronous suspension>
#5      testWidgets.<anonymous closure>.<anonymous closure> (package:flutter_test/src/widget_tester.dart:192:15)
<asynchronous suspension>
#6      TestWidgetsFlutterBinding._runTestBody (package:flutter_test/src/binding.dart:1952:5)
<asynchronous suspension>
<asynchronous suspension>
(elided one frame from package:stack_trace)

This was caught by the test expectation on the following line:
  file:///C:/Users/adrie/Documents/Coelo.worktrees/e2-r02-d04-acessos/apps/superadmin/test/features/platform_users/presentation/platform_user_form_context_test.dart line 32
The test description was:
  real unknown membership scopes survive review and identity update
════════════════════════════════════════════════════════════════════════════════════════════════════
00:02 +0 -2: real unknown membership scopes survive review and identity update [E]
  Test failed. See exception logs above.
  The test description was: real unknown membership scopes survive review and identity update
  
00:02 +0 -2: Some tests failed.

Failing tests:
  C:/Users/adrie/Documents/Coelo.worktrees/e2-r02-d04-acessos/apps/superadmin/test/features/platform_users/presentation/platform_user_form_context_test.dart: real form without institution catalog does not offer fictional scopes
  C:/Users/adrie/Documents/Coelo.worktrees/e2-r02-d04-acessos/apps/superadmin/test/features/platform_users/presentation/platform_user_form_context_test.dart: real unknown membership scopes survive review and identity update
RUNNER_EXIT=1
