rtk : [rtk] /!\ No hook installed — run `rtk init -g` for automatic token savings
No linha:2 caractere:1
+ rtk proxy C:/src/flutter/bin/flutter.bat test --no-pub test/features/ ...
+ ~~~~~~~~~~~~~~~~~~~~~~~~~~~~~~~~~~~~~~~~~~~~~~~~~~~~~~~~~~~~~~~~~~~~~
    + CategoryInfo          : NotSpecified: ([rtk] /!\ No ho...c token savings:String) [], RemoteException
    + FullyQualifiedErrorId : NativeCommandError
 
00:00 +0: loading C:/Users/adrie/Documents/Coelo.worktrees/e2-r02-d04-acessos/apps/superadmin/test/features/platform_users/presentation/platform_user_form_context_test.dart
00:00 +0: catalog removal restores the same access in review and submitted draft
  [1m[flutter_map][0m
    We want to help keep OpenStreetMap available for everyone. Our examples
    and demo app use the public tile servers, but they are NOT free to use by
    everyone! Please review whether the OpenStreetMap tile servers are suitable
    for your project.
    See:
      * https://operations.osmfoundation.org/policies/tiles (OSM Tile Usage Policy)
      * https://docs.fleaflet.dev/osm-warn for more information about this warning
══╡ EXCEPTION CAUGHT BY FLUTTER TEST FRAMEWORK ╞════════════════════════════════════════════════════
The following TestFailure was thrown running a test:
Expected: exactly one matching candidate
  Actual: _TextWidgetFinder:<Found 0 widgets with text "Limitado por escopo": []>
   Which: means none were found but one was expected

When the exception was thrown, this was the stack:
#4      main.<anonymous closure> (file:///C:/Users/adrie/Documents/Coelo.worktrees/e2-r02-d04-acessos/apps/superadmin/test/features/platform_users/presentation/platform_user_form_context_test.dart:43:9)
<asynchronous suspension>
#5      testWidgets.<anonymous closure>.<anonymous closure> (package:flutter_test/src/widget_tester.dart:192:15)
<asynchronous suspension>
#6      TestWidgetsFlutterBinding._runTestBody (package:flutter_test/src/binding.dart:1952:5)
<asynchronous suspension>
<asynchronous suspension>
(elided one frame from package:stack_trace)

This was caught by the test expectation on the following line:
  file:///C:/Users/adrie/Documents/Coelo.worktrees/e2-r02-d04-acessos/apps/superadmin/test/features/platform_users/presentation/platform_user_form_context_test.dart line 43
The test description was:
  catalog removal restores the same access in review and submitted draft
════════════════════════════════════════════════════════════════════════════════════════════════════
00:01 +0 -1: catalog removal restores the same access in review and submitted draft [E]
  Test failed. See exception logs above.
  The test description was: catalog removal restores the same access in review and submitted draft
  
Warning: At least one test in this suite creates an HttpClient. When running a test suite that uses
TestWidgetsFlutterBinding, all HTTP requests will return status code 400, and no network request
will actually be made. Any test expecting a real network connection and status code will fail.
To test code that needs an HttpClient, provide your own HttpClient implementation to the code under
test, so that your test can consistently provide a testable response to the code under test.
00:01 +0 -1: catalog replacement restores the same access in review and submitted draft
  [1m[flutter_map][0m
    We want to help keep OpenStreetMap available for everyone. Our examples
    and demo app use the public tile servers, but they are NOT free to use by
    everyone! Please review whether the OpenStreetMap tile servers are suitable
    for your project.
    See:
      * https://operations.osmfoundation.org/policies/tiles (OSM Tile Usage Policy)
      * https://docs.fleaflet.dev/osm-warn for more information about this warning
══╡ EXCEPTION CAUGHT BY FLUTTER TEST FRAMEWORK ╞════════════════════════════════════════════════════
The following TestFailure was thrown running a test:
Expected: exactly one matching candidate
  Actual: _TextWidgetFinder:<Found 0 widgets with text "Limitado por escopo": []>
   Which: means none were found but one was expected

When the exception was thrown, this was the stack:
#4      main.<anonymous closure> (file:///C:/Users/adrie/Documents/Coelo.worktrees/e2-r02-d04-acessos/apps/superadmin/test/features/platform_users/presentation/platform_user_form_context_test.dart:43:9)
<asynchronous suspension>
#5      testWidgets.<anonymous closure>.<anonymous closure> (package:flutter_test/src/widget_tester.dart:192:15)
<asynchronous suspension>
#6      TestWidgetsFlutterBinding._runTestBody (package:flutter_test/src/binding.dart:1952:5)
<asynchronous suspension>
<asynchronous suspension>
(elided one frame from package:stack_trace)

This was caught by the test expectation on the following line:
  file:///C:/Users/adrie/Documents/Coelo.worktrees/e2-r02-d04-acessos/apps/superadmin/test/features/platform_users/presentation/platform_user_form_context_test.dart line 43
The test description was:
  catalog replacement restores the same access in review and submitted draft
════════════════════════════════════════════════════════════════════════════════════════════════════
00:03 +0 -2: catalog replacement restores the same access in review and submitted draft [E]
  Test failed. See exception logs above.
  The test description was: catalog replacement restores the same access in review and submitted draft
  
00:03 +0 -2: Some tests failed.

Failing tests:
  C:/Users/adrie/Documents/Coelo.worktrees/e2-r02-d04-acessos/apps/superadmin/test/features/platform_users/presentation/platform_user_form_context_test.dart: catalog removal restores the same access in review and submitted draft
  C:/Users/adrie/Documents/Coelo.worktrees/e2-r02-d04-acessos/apps/superadmin/test/features/platform_users/presentation/platform_user_form_context_test.dart: catalog replacement restores the same access in review and submitted draft
RUNNER_EXIT=1
