BEGIN
CREATE EXTENSION
 plan 
------
 1..9
(1 row)

INSERT 0 1
INSERT 0 2
INSERT 0 1
INSERT 0 2
INSERT 0 3
INSERT 0 3
INSERT 0 4
INSERT 0 2
INSERT 0 2
INSERT 0 2
INSERT 0 1
INSERT 0 3
INSERT 0 1
                                                                  set_config                                                                   
-----------------------------------------------------------------------------------------------------------------------------------------------
 {"aal": "aal2", "sub": "8d200000-0000-4000-8000-000000000101", "role": "authenticated", "session_id": "8d200000-0000-4000-8000-000000000201"}
(1 row)

SELECT 1
                     is                      
---------------------------------------------
 ok 1 - legacy save persists custom initials
(1 row)

                  is                  
--------------------------------------
 ok 2 - reload returns saved initials
(1 row)

CREATE FUNCTION
                        is                        
--------------------------------------------------
 ok 3 - color save returns persisted server value
(1 row)

                    is                    
------------------------------------------
 ok 4 - color survives independent reload
(1 row)

                         ok                         
----------------------------------------------------
 ok 5 - real module and scope details are projected
(1 row)

                              ok                               
---------------------------------------------------------------
 ok 6 - platform membership metadata has real scope and module
(1 row)

                 throws_ok                 
-------------------------------------------
 ok 7 - invalid color rejected server-side
(1 row)

INSERT 0 1
                                                                  set_config                                                                   
-----------------------------------------------------------------------------------------------------------------------------------------------
 {"aal": "aal2", "sub": "8d200000-0000-4000-8000-000000000103", "role": "authenticated", "session_id": "8d200000-0000-4000-8000-000000000203"}
(1 row)

                        throws_ok                         
----------------------------------------------------------
 ok 8 - other session cannot replay first account receipt
(1 row)

 set_config 
------------
 {}
(1 row)

                       throws_ok                       
-------------------------------------------------------
 ok 9 - anonymous session cannot read previous account
(1 row)

 finish 
--------
(0 rows)

ROLLBACK
NOTICE:  extension "pgtap" already exists, skipping
NOTICE:  table "internal_actor_targets" does not exist, skipping
NOTICE:  table "internal_actor_targets" does not exist, skipping
NOTICE:  table "internal_actor_targets" does not exist, skipping
NOTICE:  table "internal_actor_targets" does not exist, skipping
NOTICE:  table "internal_actor_targets" does not exist, skipping
NOTICE:  table "internal_actor_targets" does not exist, skipping
