[rtk] /!\ No hook installed — run `rtk init -g` for automatic token savings
Prepared 49 safe replay migrations (47 canonical + 2 preflight); profile=auth; additional=2; manifest_sha256=4279E67C9651F4049329591B6E8AAD82E3A9052506C1A4E16BA8BBB693249D59; preflight_sha256=20260811151253_assert_function_execute_preflight=718C2DE052E9DF29ABC42642806D9A5E4D98C8964665453DE6F14F0F8B61AB75,20260811215452_access_profile_labels_replay_bridge=D97E02796FCD5897707B5657B7A1C1DF690F831E09ED98DF6ED21886F75F9EF3.
Resetting local database to version: 20260909173100
Recreating database...
Initialising schema...
Seeding globals from roles.sql...
Applying migration 20260623191021_superadmin_foundation_v1.sql...
Applying migration 20260623203230_schema_boundaries_catalog_v1.sql...
Applying migration 20260717151609_institution_directory_foundation.sql...
Applying migration 20260720103023_institution_contact_directory_refinement.sql...
Applying migration 20260720180000_people_context_foundation.sql...
Applying migration 20260720190000_people_context_advisor_hardening.sql...
Applying migration 20260724120307_contextual_activities_foundation.sql...
Applying migration 20260724122545_contextual_activities_fk_index_hardening.sql...
Applying migration 20260724152628_contextual_authorization_core.sql...
Applying migration 20260724152707_family_authorizations_and_transfers.sql...
Applying migration 20260724152713_activity_governance_and_participation.sql...
Applying migration 20260724152722_contextual_chat_foundation.sql...
Applying migration 20260724152731_attendance_assiduity_foundation.sql...
Applying migration 20260724161334_contextual_domains_compatibility_hardening.sql...
Applying migration 20260724161706_contextual_domains_advisor_hardening.sql...
Applying migration 20260724162210_contextual_chat_lifecycle_hardening.sql...
Applying migration 20260724162604_contextual_chat_trigger_hardening.sql...
Applying migration 20260724162900_contextual_chat_audit_schema_hardening.sql...
Applying migration 20260727130433_remediate_schema_column_catalog_completeness.sql...
Applying migration 20260728172333_institution_profile_and_legal_representatives.sql...
Applying migration 20260728203000_cover_institution_legal_representative_membership_fk.sql...
Applying migration 20260729140915_unit_type_plan_foundation.sql...
Applying migration 20260729141839_superadmin_people_directory.sql...
Applying migration 20260729144440_profiles_permissions_governance.sql...
Applying migration 20260729153000_superadmin_people_directory_policy_hardening.sql...
Applying migration 20260729153100_child_context_lifecycle_trigger_hardening.sql...
Applying migration 20260804205732_access_profile_permission_matrix_metadata.sql...
Applying migration 20260811125345_institution_management_commands.sql...
Applying migration 20260811151253_assert_function_execute_preflight.sql...
Applying migration 20260811151254_group_management_security.sql...
Applying migration 20260811192514_activity_management_security.sql...
Applying migration 20260811193838_activity_management_commands.sql...
Applying migration 20260811194624_activity_aggregate_commands.sql...
Applying migration 20260811194840_activity_files_identity_commands.sql...
Applying migration 20260811195042_activity_file_workers.sql...
Applying migration 20260811195429_activity_management_hardening.sql...
Applying migration 20260811200614_activity_read_model_contract_hardening.sql...
Applying migration 20260811201830_activity_file_job_authorization.sql...
Applying migration 20260811201945_activity_template_commands_hardening.sql...
Applying migration 20260811202030_activity_options_minimization.sql...
Applying migration 20260811215451_access_profile_management_v2.sql...
Applying migration 20260811215452_access_profile_labels_replay_bridge.sql...
Applying migration 20260812000847_audit_production.sql...
Applying migration 20260827214000_harden_default_function_execute_privileges.sql...
Applying migration 20260827233000_superadmin_internal_auth_context.sql...
Applying migration 20260901124500_harden_superadmin_auth_context_denial_audit.sql...
Applying migration 20260901200206_defer_superadmin_internal_mfa_until_mvp_go_live.sql...
Applying migration 20260909173000_superadmin_password_session_context.sql...
Applying migration 20260909173100_superadmin_password_session_denial_audit.sql...
Restarting containers...
Finished supabase db reset on branch main.
A new version of Supabase CLI is available: v2.117.0 (currently installed v2.116.0)
We recommend updating regularly for new features and bug fixes: https://supabase.com/docs/guides/cli/getting-started#updating-the-supabase-cli
Connecting to local database...
psql:/Users/adrie/Documents/Coelo/packages/coelo_database/supabase/tests/superadmin_internal_auth_context_test.sql:2: NOTICE:  extension "pgtap" already exists, skipping
/Users/adrie/Documents/Coelo/packages/coelo_database/supabase/tests/superadmin_internal_auth_context_test.sql .. ok
All tests successful.
Files=1, Tests=36,  0 wallclock secs ( 0.02 usr  0.02 sys +  0.01 cusr  0.02 csys =  0.07 CPU)
Result: PASS
A new version of Supabase CLI is available: v2.117.0 (currently installed v2.116.0)
We recommend updating regularly for new features and bug fixes: https://supabase.com/docs/guides/cli/getting-started#updating-the-supabase-cli
Stopped services: [supabase_realtime_coelo_safe_6710a12b49e943ec9564e2106e1b8 supabase_storage_coelo_safe_6710a12b49e943ec9564e2106e1b8 supabase_imgproxy_coelo_safe_6710a12b49e943ec9564e2106e1b8 supabase_pg_meta_coelo_safe_6710a12b49e943ec9564e2106e1b8 supabase_studio_coelo_safe_6710a12b49e943ec9564e2106e1b8 supabase_edge_runtime_coelo_safe_6710a12b49e943ec9564e2106e1b8 supabase_analytics_coelo_safe_6710a12b49e943ec9564e2106e1b8 supabase_vector_coelo_safe_6710a12b49e943ec9564e2106e1b8 supabase_pooler_coelo_safe_6710a12b49e943ec9564e2106e1b8]
A new version of Supabase CLI is available: v2.117.0 (currently installed v2.116.0)
We recommend updating regularly for new features and bug fixes: https://supabase.com/docs/guides/cli/getting-started#updating-the-supabase-cli
D01 recovery boundary runtime=public.ecr.aws/supabase/gotrue:v2.196.0 project=coelo_safe_6710a12b49e943ec9564e2106e1b8
D01 recovery boundary gate=password-control outcome=PASS productive_context=True methods=password
D01 recovery boundary gate=refreshed-password-control outcome=PASS productive_context=True methods=password
D01 recovery boundary gate=recovery-before-reset outcome=PASS productive_context=False methods=otp error_code=SAI_SESSION_INVALID
D01 recovery boundary gate=refreshed-recovery-before-reset outcome=PASS productive_context=False methods=otp error_code=SAI_SESSION_INVALID
D01 recovery boundary gate=mutable-metadata-recovery-before-reset outcome=PASS productive_context=False methods=otp error_code=SAI_SESSION_INVALID
D01 recovery boundary gate=confined-recovery-password-update outcome=PASS
D01 recovery boundary gate=recovery-after-reset-before-logout outcome=PASS productive_context=False methods=otp error_code=SAI_SESSION_INVALID
D01 recovery boundary gate=post-reset-recovery-logout outcome=PASS productive_context=False provider_error_code=refresh_token_not_found
D01 recovery boundary gate=new-password-login outcome=PASS productive_context=True methods=password
D01 composed boundary gate=cold-restart-storage-failure-real-backend outcome=PASS
D01 recovery confinement assertions PASS; provider password update/logout/new login remain usable; cleanup belongs to disposable wrapper volume.
Safe local replay completed through 20260909173100 with isolated identity coelo_safe_6710a12b49e943ec9564e2106e1b8 and zero residual resources.
