[rtk] /!\ No hook installed — run `rtk init -g` for automatic token savings
Warning: truncated output (original token count: 1318)
Total output lines: 66

Prepared 51 safe replay migrations (49 canonical + 2 preflight); profile=ModelAal1PhasePolicy; additional=4; manifest_sha256=4279e67c9651f4049329591b6e8aad82e3a9052506c1a4e16ba8bbb693249d59; preflight_sha256=20260811151253_assert_function_execute_preflight=718C2DE052E9DF29ABC42642806D9A5E4D98C8964665453DE6F14F0F8B61AB75,20260811215452_access_profile_labels_replay_bridge=D97E02796FCD5897707B5657B7A1C1DF690F831E09ED98DF6ED21886F75F9EF3.
Resetting local database to version: 20260908182839
Recreating database...
Initialising schema...
Seeding globals from roles.sql...
Applying migration 20260623191021_superadmin_foundation_v1.sql...
Applying migration 20260623203230_schema_boundaries_catalog_v1.sql...
Applying migration 20260717151609_institution_directory_foundation.sql...
Applying migration 20260720103023_institution_contact_directory_refinement.sql...
Applying migration 20260720180000_people_context_foundation.sql...
Applying migration 20260720190000_people_context_advisor_hardening.sql...
Applying migration 20260724120307_contextual_activities_foundation.sql...
Applying migration 20260724122545_contextual_activities_fk_index_hardening.sql...
Applying migration 20260724152628_contextual_authorization_core.sql...
Applying migration 20260724152707_family_authorizations_and_transfers.sql...
Applying migration 20260724152713_activity_governance_and_participation.sql...
Applying migration 20260724152722_contextual_chat_foundation.sql...
Applying migration 20260724152731_attendance_assiduity_foundation.sql...
Applying migration 20260724161334_contextual_domains_compatibility_hardening.sql...
Applying migration 20260724161706_contextual_domains_advisor_hardening.sql...
Applying migration 20260724162210_contextual_chat_lifecycle_hardening.sql...
Applying migration 20260724162604_contextual_chat_trigger_hardening.sql...
Applying migration 20260724162900_contextual_chat_audit_schema_hardening.sql...
Applying migration 20260727130433_remediate_schema_column_catalog_completenes…318 tokens truncated…ning.sql...
Applying migration 20260811200614_activity_read_model_contract_hardening.sql...
Applying migration 20260811201830_activity_file_job_authorization.sql...
Applying migration 20260811201945_activity_template_commands_hardening.sql...
Applying migration 20260811202030_activity_options_minimization.sql...
Applying migration 20260811215451_access_profile_management_v2.sql...
Applying migration 20260811215452_access_profile_labels_replay_bridge.sql...
Applying migration 20260812000847_audit_production.sql...
Applying migration 20260827214000_harden_default_function_execute_privileges.sql...
Applying migration 20260827233000_superadmin_internal_auth_context.sql...
Applying migration 20260901124500_harden_superadmin_auth_context_denial_audit.sql...
Applying migration 20260901170731_access_profile_models_crud_and_catalog.sql...
Applying migration 20260901193000_name_access_profile_model_rpc_arguments.sql...
Applying migration 20260901200206_defer_superadmin_internal_mfa_until_mvp_go_live.sql...
Applying migration 20260908021821_access_profile_models_read_prelookup_authorization.sql...
Applying migration 20260908182839_access_profile_models_aal1_phase_policy.sql...
Restarting containers...
Finished supabase db reset on branch main.
A new version of Supabase CLI is available: v2.117.0 (currently installed v2.116.0)
We recommend updating regularly for new features and bug fixes: https://supabase.com/docs/guides/cli/getting-started#updating-the-supabase-cli
Connecting to local database...
psql:/Users/adrie/Documents/Coelo.worktrees/e2-r02-d04-acessos/packages/coelo_database/supabase/tests/d04_access_models_scope_filter_green_replay.sql:107: NOTICE:  extension "pgtap" already exists, skipping
/Users/adrie/Documents/Coelo.worktrees/e2-r02-d04-acessos/packages/coelo_database/supabase/tests/d04_access_models_scope_filter_green_replay.sql .. ok
All tests successful.
Files=1, Tests=15,  0 wallclock secs ( 0.03 usr  0.01 sys +  0.01 cusr  0.02 csys =  0.07 CPU)
Result: PASS
A new version of Supabase CLI is available: v2.117.0 (currently installed v2.116.0)
We recommend updating regularly for new features and bug fixes: https://supabase.com/docs/guides/cli/getting-started#updating-the-supabase-cli
Safe local replay completed through 20260908182839 with isolated identity coelo_safe_711c2a2d8a0b4f018e8104299db12 and zero residual resources.

