Output final do runner; trecho inicial anterior ao polling não incluído. RED total3; GREEN total14.
══╡ EXCEPTION CAUGHT BY FLUTTER TEST FRAMEWORK ╞════════════════════════════════════════════════════
The following TestFailure was thrown running a test:
Expected: no matching candidates
  Actual: _TextWidgetFinder:<Found 1 widget with text "Não foi possível salvar a pessoa.": [
            Text("Não foi possível salvar a pessoa.", dependencies: [DefaultSelectionStyle,
DefaultTextStyle, MediaQuery]),
          ]>
   Which: means one was found but none were expected

When the exception was thrown, this was the stack:
#4      main.<anonymous closure> (file:///C:/Users/adrie/Documents/Coelo.worktrees/e2-r02-d04-acessos/apps/superadmin/test/features/people/presentation/d04_person_form_confirmed_save_test.dart:25:7)
<asynchronous suspension>
#5      testWidgets.<anonymous closure>.<anonymous closure> (package:flutter_test/src/widget_tester.dart:192:15)
<asynchronous suspension>
#6      TestWidgetsFlutterBinding._runTestBody (package:flutter_test/src/binding.dart:1952:5)
<asynchronous suspension>
<asynchronous suspension>
(elided one frame from package:stack_trace)

This was caught by the test expectation on the following line:
  file:///C:/Users/adrie/Documents/Coelo.worktrees/e2-r02-d04-acessos/apps/superadmin/test/features/people/presentation/d04_person_form_confirmed_save_test.dart line 25
The test description was:
  confirmed create retries navigation only
════════════════════════════════════════════════════════════════════════════════════════════════════
00:03 +0 -2: confirmed create retries navigation only [E]
  Test failed. See exception logs above.
  The test description was: confirmed create retries navigation only
  
00:03 +0 -2: repository replacement clears confirmed navigation and unlocks new form
══╡ EXCEPTION CAUGHT BY FLUTTER TEST FRAMEWORK ╞════════════════════════════════════════════════════
The following TestFailure was thrown running a test:
Expected: exactly one matching candidate
  Actual: _KeyWidgetFinder:<Found 0 widgets with key [<'person-form-confirmed-save'>]: []>
   Which: means none were found but one was expected

When the exception was thrown, this was the stack:
#4      main.<anonymous closure> (file:///C:/Users/adrie/Documents/Coelo.worktrees/e2-r02-d04-acessos/apps/superadmin/test/features/people/presentation/d04_person_form_confirmed_save_test.dart:52:5)
<asynchronous suspension>
#5      testWidgets.<anonymous closure>.<anonymous closure> (package:flutter_test/src/widget_tester.dart:192:15)
<asynchronous suspension>
#6      TestWidgetsFlutterBinding._runTestBody (package:flutter_test/src/binding.dart:1952:5)
<asynchronous suspension>
<asynchronous suspension>
(elided one frame from package:stack_trace)

This was caught by the test expectation on the following line:
  file:///C:/Users/adrie/Documents/Coelo.worktrees/e2-r02-d04-acessos/apps/superadmin/test/features/people/presentation/d04_person_form_confirmed_save_test.dart line 52
The test description was:
  repository replacement clears confirmed navigation and unlocks new form
════════════════════════════════════════════════════════════════════════════════════════════════════
00:04 +0 -3: repository replacement clears confirmed navigation and unlocks new form [E]
  Test failed. See exception logs above.
  The test description was: repository replacement clears confirmed navigation and unlocks new form
  
00:04 +0 -3: Some tests failed.

Failing tests:
  C:/Users/adrie/Documents/Coelo.worktrees/e2-r02-d04-acessos/apps/superadmin/test/features/people/presentation/d04_person_form_confirmed_save_test.dart: confirmed create retries navigation only
  C:/Users/adrie/Documents/Coelo.worktrees/e2-r02-d04-acessos/apps/superadmin/test/features/people/presentation/d04_person_form_confirmed_save_test.dart: confirmed update retries navigation only
  C:/Users/adrie/Documents/Coelo.worktrees/e2-r02-d04-acessos/apps/superadmin/test/features/people/presentation/d04_person_form_confirmed_save_test.dart: repository replacement clears confirmed navigation and unlocks new form
