[rtk] /!\ No hook installed — run `rtk init -g` for automatic token savings
00:00 +0: loading C:/Users/adrie/Documents/Coelo.worktrees/e2-r02-d04-acessos/apps/superadmin/test/features/access_profiles/data/d04_model_scope_contract_test.dart
00:00 +0: C:/Users/adrie/Documents/Coelo.worktrees/e2-r02-d04-acessos/apps/superadmin/test/features/access_profiles/data/d04_model_scope_contract_test.dart: model filter preserves selected scopes {} across cursor pages
00:00 +1: C:/Users/adrie/Documents/Coelo.worktrees/e2-r02-d04-acessos/apps/superadmin/test/features/access_profiles/data/d04_model_scope_contract_test.dart: model filter preserves selected scopes {} across cursor pages
00:00 +2: C:/Users/adrie/Documents/Coelo.worktrees/e2-r02-d04-acessos/apps/superadmin/test/features/access_profiles/data/d04_model_scope_contract_test.dart: model filter preserves selected scopes {} across cursor pages
00:00 +3: C:/Users/adrie/Documents/Coelo.worktrees/e2-r02-d04-acessos/apps/superadmin/test/features/access_profiles/data/d04_model_scope_contract_test.dart: model filter preserves selected scopes {} across cursor pages
00:00 +4: C:/Users/adrie/Documents/Coelo.worktrees/e2-r02-d04-acessos/apps/superadmin/test/features/access_profiles/data/d04_model_scope_contract_test.dart: model filter preserves selected scopes {} across cursor pages
00:00 +5: C:/Users/adrie/Documents/Coelo.worktrees/e2-r02-d04-acessos/apps/superadmin/test/features/access_profiles/data/d04_model_scope_contract_test.dart: model filter preserves selected scopes {} across cursor pages
00:00 +6: C:/Users/adrie/Documents/Coelo.worktrees/e2-r02-d04-acessos/apps/superadmin/test/features/access_profiles/data/d04_model_scope_contract_test.dart: model filter preserves selected scopes {} across cursor pages
00:00 +7: C:/Users/adrie/Documents/Coelo.worktrees/e2-r02-d04-acessos/apps/superadmin/test/features/access_profiles/data/d04_model_scope_contract_test.dart: model filter preserves selected scopes {} across cursor pages
00:00 +8: C:/Users/adrie/Documents/Coelo.worktrees/e2-r02-d04-acessos/apps/superadmin/test/features/access_profiles/data/d04_model_scope_contract_test.dart: model filter preserves selected scopes {AccessProfileScope.unit} across cursor pages
00:00 +9: C:/Users/adrie/Documents/Coelo.worktrees/e2-r02-d04-acessos/apps/superadmin/test/features/access_profiles/data/d04_model_scope_contract_test.dart: model filter preserves selected scopes {AccessProfileScope.unit, AccessProfileScope.group} across cursor pages
00:00 +10: C:/Users/adrie/Documents/Coelo.worktrees/e2-r02-d04-acessos/apps/superadmin/test/features/access_profiles/data/d04_model_scope_contract_test.dart: model capabilities never become person assignments in the shared profile UI
00:00 +11: C:/Users/adrie/Documents/Coelo.worktrees/e2-r02-d04-acessos/apps/superadmin/test/features/access_profiles/data/d04_model_scope_contract_test.dart: Principal model filter uses the server child context scope
00:00 +12: C:/Users/adrie/Documents/Coelo.worktrees/e2-r02-d04-acessos/apps/superadmin/test/features/access_profiles/data/d04_model_scope_contract_test.dart: Principal model create preserves child context at the RPC boundary
00:00 +13: C:/Users/adrie/Documents/Coelo.worktrees/e2-r02-d04-acessos/apps/superadmin/test/features/access_profiles/data/d04_model_scope_contract_test.dart: Principal model update preserves child context at the RPC boundary
00:00 +14: C:/Users/adrie/Documents/Coelo.worktrees/e2-r02-d04-acessos/apps/superadmin/test/features/access_profiles/data/d04_model_scope_contract_test.dart: Principal model duplicate preserves child context at the RPC boundary
00:00 +15: C:/Users/adrie/Documents/Coelo.worktrees/e2-r02-d04-acessos/apps/superadmin/test/features/access_profiles/data/access_profile_model_context_test.dart: model template preserves authorization continuity: changed=false
00:00 +16: C:/Users/adrie/Documents/Coelo.worktrees/e2-r02-d04-acessos/apps/superadmin/test/features/access_profiles/data/access_profile_model_context_test.dart: model template preserves authorization continuity: changed=true
00:01 +17: C:/Users/adrie/Documents/Coelo.worktrees/e2-r02-d04-acessos/apps/superadmin/test/features/access_profiles/data/access_profile_model_context_test.dart: paged model read preserves authorization continuity: changed=false, page=1
00:01 +18: C:/Users/adrie/Documents/Coelo.worktrees/e2-r02-d04-acessos/apps/superadmin/test/features/access_profiles/data/access_profile_model_context_test.dart: paged model read preserves authorization continuity: changed=false, page=2
00:01 +19: C:/Users/adrie/Documents/Coelo.worktrees/e2-r02-d04-acessos/apps/superadmin/test/features/access_profiles/data/access_profile_model_context_test.dart: paged model read preserves authorization continuity: changed=true, page=1
00:01 +20: C:/Users/adrie/Documents/Coelo.worktrees/e2-r02-d04-acessos/apps/superadmin/test/features/access_profiles/data/access_profile_model_context_test.dart: paged model read preserves authorization continuity: changed=true, page=2
00:01 +21: C:/Users/adrie/Documents/Coelo.worktrees/e2-r02-d04-acessos/apps/superadmin/test/features/access_profiles/data/access_profile_model_context_test.dart: model captured before context change cannot join a catalog requested afterwards
00:01 +22: C:/Users/adrie/Documents/Coelo.worktrees/e2-r02-d04-acessos/apps/superadmin/test/features/access_profiles/data/access_profile_model_context_test.dart: equivalent context preserves a permitted composed read
00:01 +23: C:/Users/adrie/Documents/Coelo.worktrees/e2-r02-d04-acessos/apps/superadmin/test/features/access_profiles/data/access_profile_model_context_test.dart: model detail cannot combine responses across authorization contexts
00:01 +24: C:/Users/adrie/Documents/Coelo.worktrees/e2-r02-d04-acessos/apps/superadmin/test/features/access_profiles/data/model_write_cache_epoch_test.dart: save late cache preserves context changed=false
00:01 +25: C:/Users/adrie/Documents/Coelo.worktrees/e2-r02-d04-acessos/apps/superadmin/test/features/access_profiles/data/model_write_cache_epoch_test.dart: save late cache preserves context changed=true
00:01 +26: C:/Users/adrie/Documents/Coelo.worktrees/e2-r02-d04-acessos/apps/superadmin/test/features/access_profiles/data/model_write_cache_epoch_test.dart: duplicate late cache preserves context changed=false
00:01 +27: C:/Users/adrie/Documents/Coelo.worktrees/e2-r02-d04-acessos/apps/superadmin/test/features/access_profiles/data/model_write_cache_epoch_test.dart: duplicate late cache preserves context changed=true
00:06 +28: C:/Users/adrie/Documents/Coelo.worktrees/e2-r02-d04-acessos/apps/superadmin/test/features/access_profiles/presentation/model_command_consumer_test.dart: create SQL envelope reaches UI denied=false
00:10 +29: C:/Users/adrie/Documents/Coelo.worktrees/e2-r02-d04-acessos/apps/superadmin/test/features/access_profiles/presentation/model_command_consumer_test.dart: create SQL envelope reaches UI denied=true
00:14 +30: C:/Users/adrie/Documents/Coelo.worktrees/e2-r02-d04-acessos/apps/superadmin/test/features/access_profiles/presentation/model_command_consumer_test.dart: update SQL envelope reaches UI denied=false
00:15 +31: C:/Users/adrie/Documents/Coelo.worktrees/e2-r02-d04-acessos/apps/superadmin/test/features/access_profiles/presentation/model_command_consumer_test.dart: update SQL envelope reaches UI denied=true
00:17 +32: C:/Users/adrie/Documents/Coelo.worktrees/e2-r02-d04-acessos/apps/superadmin/test/features/access_profiles/presentation/model_command_consumer_test.dart: duplicate SQL envelope reaches UI denied=false
00:18 +33: C:/Users/adrie/Documents/Coelo.worktrees/e2-r02-d04-acessos/apps/superadmin/test/features/access_profiles/presentation/model_command_consumer_test.dart: duplicate SQL envelope reaches UI denied=true
00:19 +34: C:/Users/adrie/Documents/Coelo.worktrees/e2-r02-d04-acessos/apps/superadmin/test/features/access_profiles/presentation/model_command_consumer_test.dart: delete SQL envelope reaches UI denied=false
00:20 +35: C:/Users/adrie/Documents/Coelo.worktrees/e2-r02-d04-acessos/apps/superadmin/test/features/access_profiles/presentation/model_command_consumer_test.dart: delete SQL envelope reaches UI denied=true
00:20 +36: C:/Users/adrie/Documents/Coelo.worktrees/e2-r02-d04-acessos/apps/superadmin/test/features/access_profiles/presentation/model_command_consumer_test.dart: update envelope conflict offers reference reload without save callback
00:22 +37: All tests passed!

