R08 G0 / baseline local somente
fonte RED: e9a3dc18d
baseline inicial: H09 + Forms 140546..140549; sem 140550
credenciais: nenhuma

[RED moments_withdraw_permission_behavior_v1_test.sql]
command: git show e9a3dc18d:<test> | docker exec -i supabase_db_coelo_baseline psql -X -v ON_ERROR_STOP=1 -U postgres -d postgres
plan: 1..11
resultado: 4 ok (2,3,10,11) / 7 not ok (1,4,5,6,7,8,9)
falha 1: institution_admin template possui zero grants ativos de moments.publications.remove
falhas 4-5: admin autor recebe hint antigo true, mas withdraw e replay morrem 42501 moments_permission_denied
falha 6: publicação não retirada permanece no feed (1 em vez de 0)
falha 7: auditoria de retirada bem-sucedida ausente
falha 8: outro admin recebe moments_permission_denied antes de publication_not_authorized
falha 9: reader autor recebe can_withdraw=true embora o comando negue
passes 2,10,11: reader continua sem grant; comando reader e outro escopo negam 42501
pass 3: registra explicitamente o hint antigo incorreto do admin autor antes do fix
finish: failed 7 tests of 11
ROLLBACK
native exit: 0
wrapper exit: 1
apply naquele checkpoint: NÃO executado; aguardando ACK C0

[APPLY LOCAL AUTORIZADO]
fonte: b74e8c9f1:20260912140550_moments_withdraw_permission_v1.sql
sha256: 9356F5E52C8D14B0C628540ECEEE35231C6BAF0044EFEE04AC71C6F23D69A996
resultado: BEGIN; SET; SET; DO; INSERT 0 1; CREATE FUNCTION; REVOKE; GRANT; COMMIT
native exit: 0
wrapper exit: 0

[GREEN]
moments_withdraw_permission_v1_test.sql: 4/4; finish limpo; ROLLBACK; native/wrapper 0/0
moments_withdraw_permission_behavior_v1_test.sql: 11/11; finish limpo; ROLLBACK; native/wrapper 0/0
moments_feed_and_withdrawal_test.sql: 23/23; finish limpo; ROLLBACK; native/wrapper 0/0
moments_publication_mvp_test.sql: 30/30; finish limpo; ROLLBACK; native/wrapper 0/0
total único: 68/68

[NOTA DE HARNESS]
Uma tentativa de usar redirecionamento `<` para iniciar a regressão 23 foi recusada pelo parser PowerShell antes de abrir psql; native exit 1, nenhum SQL executado. O comando foi corrigido para pipeline e a suíte foi executada uma única vez, 23/23.

slot SQL: devolvido ao C0
produção e ledger: intocados
