[rtk] /!\ No hook installed — run `rtk init -g` for automatic token savings
Check packages/coelo_database/supabase/functions/form-media/index_test.ts
Check packages/coelo_database/supabase/functions/form-media/question_image_test.ts
Check packages/coelo_database/supabase/functions/form-media/media_contract_test.ts
------- pre-test output -------
(node:27008) [DEP0040] DeprecationWarning: The `punycode` module is deprecated. Please use a userland alternative instead.
----- pre-test output end -----
running 33 tests from ./packages/coelo_database/supabase/functions/form-media/index_test.ts
internal read bypasses People and Storage and preserves Forms ID ... ok (10ms)
internal read denies malformed or mismatched grants before redeem or R2 ... ok (2ms)
internal read denies mismatched catalog descriptors before R2 ... ok (2ms)
internal read bounds ticket TTL by both receipts and 120 seconds ... ok (700µs)
internal read rechecks expiry after redeem and asynchronous signing ... ok (381µs)
internal read sanitizes denial, RPC errors and secret-bearing exceptions ... ok (992µs)
internal read uses the shared signer with a frozen clock and no network ... ok (1ms)
internal read signs original only when both receipts authorize original ... ok (373µs)
internal read rejects invalid provider configuration before constructing R2 ... ok (499µs)
HTTP rejects invalid commands before creating backend clients ... ok (1ms)
HTTP keeps preflight and unauthorized origins away from backend ... ok (268µs)
HTTP sanitizes unexpected backend failures ... ok (776µs)
HTTP prepare preserves the authorized command and safe upload ticket ... ok (626µs)
HTTP preserves legacy finalize, download and discard for People actors ... ok (862µs)
question-image prepare reauthorizes by JWT and signs a short PUT on coelo-media-prod ... ok (1ms)
question-image passes FORM_MEDIA and SAI codes with the database status ... ok (1ms)
question-image finalize measures the stored object and commits with service_role ... ok (652µs)
question-image finalize reconciles an identical retry already ready ... ok (405µs)
question-image finalize reports a mismatch as 422 and leaves the object to the cleanup queue ... ok (647µs)
question-image finalize answers NOT_READY when the object was never uploaded ... ok (505µs)
question-image resolve signs a GET bounded by the database TTL ... ok (797µs)
question-image refuses to sign a key that is not the canonical one of the asset ... ok (363µs)
question-image delete is idempotent through the database request id ... ok (263µs)
worker cleanup requires the forms worker bearer and never a user session ... ok (473µs)
worker cleanup expires, claims, deletes on R2 and marks each key purged ... ok (734µs)
answer R2 prepare usa a RPC r2 e assina o PUT na chave do catalogo, sem Storage ... ok (781µs)
answer R2 resolve ator do realm interno pelo contexto Principal canonico ... ok (357µs)
answer R2 nega fallback interno vazio ou com pessoas divergentes ... ok (351µs)
answer R2 finalize confirma pelo legado, mede bytes/sha256/dimensoes e finaliza pelo service_role ... ok (868µs)
answer R2 finalize replay returns the same Flutter asset envelope without touching R2 ... ok (297µs)
answer R2 finalize never returns an unconfirmed or mismatched source ... ok (835µs)
answer R2 download exige legado finalized e espelho ready e assina o GET por 60 s ... ok (267µs)
sem COELO_FORMS_MEDIA_PROVIDER o legado de respostas continua no Storage ... ok (669µs)
running 7 tests from ./packages/coelo_database/supabase/functions/form-media/question_image_test.ts
question-image prepare accepts legacy and contract field names ... ok (2ms)
question-image access keeps only the asset id ... ok (449µs)
envelope routes question-image by purpose, form ids or contract action names ... ok (1ms)
rpc envelope passes FORM_MEDIA and SAI codes with the database status ... ok (601µs)
only the canonical question-image key of the same asset is signed ... ok (943µs)
image dimensions come from the real headers of the three approved types ... ok (883µs)
worker bearer requires a configured token and constant-time equality ... ok (321µs)
running 16 tests from ./packages/coelo_database/supabase/functions/form-media/media_contract_test.ts
read receipts reject normalized calendars, clocks, offsets and trailing characters ... ok (1ms)
read grant rejects contradictory success envelopes ... ok (206µs)
read envelope accepts only the isolated asset and rendition contract ... ok (477µs)
answers only allowlisted browser preflights ... ok (5ms)
denies unlisted or malformed browser origins ... ok (259µs)
media envelope validates every action and preserves anonymous payload ... ok (263µs)
media envelope rejects forged shape, action, IDs and versions safely ... ok (347µs)
reads only bounded UTF8 JSON before requesting authorization ... ok (2ms)
cancels oversized request even with forged Content-Length ... ok (615µs)
accepts only the approved MIME types and ten megabyte limit ... ok (109µs)
rejects unknown keys and personally identifying paths ... ok (135µs)
accepts an opaque anonymous edit secret without exposing extra keys ... ok (171µs)
computes a stable SHA-256 checksum ... ok (418µs)
does not verify an asset that the server already finalized ... ok (110µs)
treats a committed discarded verification result as failure ... ok (83µs)
detects only the approved image formats from their binary signatures ... ok (79µs)

ok | 56 passed | 0 failed (206ms)

