[rtk] /!\ No hook installed — run `rtk init -g` for automatic token savings
Prepared 47 safe replay migrations (45 canonical + 2 preflight); profile=auth; additional=0; manifest_sha256=4279E67C9651F4049329591B6E8AAD82E3A9052506C1A4E16BA8BBB693249D59; preflight_sha256=20260811151253_assert_function_execute_preflight=718C2DE052E9DF29ABC42642806D9A5E4D98C8964665453DE6F14F0F8B61AB75,20260811215452_access_profile_labels_replay_bridge=D97E02796FCD5897707B5657B7A1C1DF690F831E09ED98DF6ED21886F75F9EF3.
Resetting local database to version: 20260901200206
Recreating database...
Initialising schema...
Seeding globals from roles.sql...
Applying migration 20260623191021_superadmin_foundation_v1.sql...
Applying migration 20260623203230_schema_boundaries_catalog_v1.sql...
Applying migration 20260717151609_institution_directory_foundation.sql...
Applying migration 20260720103023_institution_contact_directory_refinement.sql...
Applying migration 20260720180000_people_context_foundation.sql...
Applying migration 20260720190000_people_context_advisor_hardening.sql...
Applying migration 20260724120307_contextual_activities_foundation.sql...
Applying migration 20260724122545_contextual_activities_fk_index_hardening.sql...
Applying migration 20260724152628_contextual_authorization_core.sql...
Applying migration 20260724152707_family_authorizations_and_transfers.sql...
Applying migration 20260724152713_activity_governance_and_participation.sql...
Applying migration 20260724152722_contextual_chat_foundation.sql...
Applying migration 20260724152731_attendance_assiduity_foundation.sql...
Applying migration 20260724161334_contextual_domains_compatibility_hardening.sql...
Applying migration 20260724161706_contextual_domains_advisor_hardening.sql...
Applying migration 20260724162210_contextual_chat_lifecycle_hardening.sql...
Applying migration 20260724162604_contextual_chat_trigger_hardening.sql...
Applying migration 20260724162900_contextual_chat_audit_schema_hardening.sql...
Applying migration 20260727130433_remediate_schema_column_catalog_completeness.sql...
Applying migration 20260728172333_institution_profile_and_legal_representatives.sql...
Applying migration 20260728203000_cover_institution_legal_representative_membership_fk.sql...
Applying migration 20260729140915_unit_type_plan_foundation.sql...
Applying migration 20260729141839_superadmin_people_directory.sql...
Applying migration 20260729144440_profiles_permissions_governance.sql...
Applying migration 20260729153000_superadmin_people_directory_policy_hardening.sql...
Applying migration 20260729153100_child_context_lifecycle_trigger_hardening.sql...
Applying migration 20260804205732_access_profile_permission_matrix_metadata.sql...
Applying migration 20260811125345_institution_management_commands.sql...
Applying migration 20260811151253_assert_function_execute_preflight.sql...
Applying migration 20260811151254_group_management_security.sql...
Applying migration 20260811192514_activity_management_security.sql...
Applying migration 20260811193838_activity_management_commands.sql...
Applying migration 20260811194624_activity_aggregate_commands.sql...
Applying migration 20260811194840_activity_files_identity_commands.sql...
Applying migration 20260811195042_activity_file_workers.sql...
Applying migration 20260811195429_activity_management_hardening.sql...
Applying migration 20260811200614_activity_read_model_contract_hardening.sql...
Applying migration 20260811201830_activity_file_job_authorization.sql...
Applying migration 20260811201945_activity_template_commands_hardening.sql...
Applying migration 20260811202030_activity_options_minimization.sql...
Applying migration 20260811215451_access_profile_management_v2.sql...
Applying migration 20260811215452_access_profile_labels_replay_bridge.sql...
Applying migration 20260812000847_audit_production.sql...
Applying migration 20260827214000_harden_default_function_execute_privileges.sql...
Applying migration 20260827233000_superadmin_internal_auth_context.sql...
Applying migration 20260901124500_harden_superadmin_auth_context_denial_audit.sql...
Applying migration 20260901200206_defer_superadmin_internal_mfa_until_mvp_go_live.sql...
Restarting containers...
Finished supabase db reset on branch main.
A new version of Supabase CLI is available: v2.117.0 (currently installed v2.116.0)
We recommend updating regularly for new features and bug fixes: https://supabase.com/docs/guides/cli/getting-started#updating-the-supabase-cli
Stopped services: [supabase_realtime_coelo_safe_55d5b10cd10c41b282e6f21684440 supabase_storage_coelo_safe_55d5b10cd10c41b282e6f21684440 supabase_imgproxy_coelo_safe_55d5b10cd10c41b282e6f21684440 supabase_pg_meta_coelo_safe_55d5b10cd10c41b282e6f21684440 supabase_studio_coelo_safe_55d5b10cd10c41b282e6f21684440 supabase_edge_runtime_coelo_safe_55d5b10cd10c41b282e6f21684440 supabase_analytics_coelo_safe_55d5b10cd10c41b282e6f21684440 supabase_vector_coelo_safe_55d5b10cd10c41b282e6f21684440 supabase_pooler_coelo_safe_55d5b10cd10c41b282e6f21684440]
A new version of Supabase CLI is available: v2.117.0 (currently installed v2.116.0)
We recommend updating regularly for new features and bug fixes: https://supabase.com/docs/guides/cli/getting-started#updating-the-supabase-cli
Auth lifecycle stage: signup and internal fixture
Auth lifecycle stage: password login and authorization negatives
Auth authorization stage: Owner AAL1 bootstrap during MVP deferral
Auth authorization stage: capability denial
Auth authorization stage: tenant allow and cross-tenant denial
Auth authorization stage: suspended membership denial
Auth lifecycle stage: refresh rotation and logout revocation
Auth lifecycle stage: recovery callback and password reset
Auth lifecycle stage: revoked membership and minimized audit
Local Supabase Auth lifecycle PASS: login/recovery without enumeration, refresh rotation and old-token refusal, logout/session revocation, callback/reset/one-use/expiration, internal realm separation, Owner AAL1 MVP bootstrap, active/suspended/revoked membership, capability denial, tenant isolation, tampered id refusal and minimized audit; synthetic fixture is confined to the disposable replay volume.
AUTH_PROOF_CASE_PASS case=provision-session sql_sha256=8C3BBB1ED260F9F4E5B12561B4F891B5CA1D902EA743EDA646584B1E2BC48908 completed=1
AUTH_PROOF_CASE_PASS case=provision-jwt sql_sha256=9671D40689CF4BE9A95FD4AE2EBE160D0DE65576BD085ED65C17E244157C2A1A completed=2
AUTH_PROOF_CASE_PASS case=provision-membership sql_sha256=FCA120C091D1C6C389065A563F91A5CF515EF6C24A697D6F4E90EDDDBCEA36B1 completed=3
AUTH_PROOF_CASE_PASS case=cleanup-session sql_sha256=1D3FEAAAE3DD20ACBA403BE9AC32273B4E9A3F7593D594ACD24BC6FCBB1614DB completed=4
AUTH_PROOF_CASE_PASS case=cleanup-jwt sql_sha256=CBAC7F7CB8437459B890A2C0F655ECF357DB654BBD9286DF3EEE11830FED49B9 completed=5
AUTH_PROOF_CASE_PASS case=cleanup-membership sql_sha256=E522396B962B061AB5A6DAEF09836BC1CFB3C22D0527D101F1221983370B86B0 completed=6


P              : 6
F              : 0
B              : 0
S              : 0
U              : 0
ExecutorSha256 : 8A5ABFBAECB1DC4134542F3F016837CC51521C3CCF1C6F61BD9DE84F45BC2E86
Cases          : {@{Case=provision-session; Status=PASS; LockObserved=True; Unchanged=True; 
                 SqlSha256=8C3BBB1ED260F9F4E5B12561B4F891B5CA1D902EA743EDA646584B1E2BC48908; 
                 Clock=2026-09-09T18:36:13.890762+00:00}, @{Case=provision-jwt; Status=PASS; LockObserved=True; 
                 Unchanged=True; SqlSha256=9671D40689CF4BE9A95FD4AE2EBE160D0DE65576BD085ED65C17E244157C2A1A; 
                 Clock=2026-09-09T18:36:17.979006+00:00}, @{Case=provision-membership; Status=PASS; LockObserved=True; 
                 Unchanged=True; SqlSha256=FCA120C091D1C6C389065A563F91A5CF515EF6C24A697D6F4E90EDDDBCEA36B1; 
                 Clock=2026-09-09T18:36:19.290441+00:00}, @{Case=cleanup-session; Status=PASS; LockObserved=True; 
                 Unchanged=True; SqlSha256=1D3FEAAAE3DD20ACBA403BE9AC32273B4E9A3F7593D594ACD24BC6FCBB1614DB; 
                 Clock=2026-09-09T18:36:23.098664+00:00}...}
Cleanup        : psql closed; role names restored; synthetic rows owned by disposable replay teardown

Safe local replay completed through 20260901200206 with isolated identity coelo_safe_55d5b10cd10c41b282e6f21684440 and zero residual resources.
