Prepared 57 safe replay migrations (53 canonical + 2 preflight + 2 local fixtures); profile=LocationCatalogV2; additional=4; manifest_sha256=4279e67c9651f4049329591b6e8aad82e3a9052506c1a4e16ba8bbb693249d59; preflight_sha256=20260811151253_assert_function_execute_preflight=718C2DE052E9DF29ABC42642806D9A5E4D98C8964665453DE6F14F0F8B61AB75,20260811215452_access_profile_labels_replay_bridge=D97E02796FCD5897707B5657B7A1C1DF690F831E09ED98DF6ED21886F75F9EF3.
Resetting local database to version: 20260908190650
Recreating database...
Initialising schema...
Seeding globals from roles.sql...
Applying migration 20260623191021_superadmin_foundation_v1.sql...
Applying migration 20260623203230_schema_boundaries_catalog_v1.sql...
Applying migration 20260717151609_institution_directory_foundation.sql...
Applying migration 20260720103023_institution_contact_directory_refinement.sql...
Applying migration 20260720180000_people_context_foundation.sql...
Applying migration 20260720190000_people_context_advisor_hardening.sql...
Applying migration 20260724120307_contextual_activities_foundation.sql...
Applying migration 20260724122545_contextual_activities_fk_index_hardening.sql...
Applying migration 20260724152628_contextual_authorization_core.sql...
Applying migration 20260724152707_family_authorizations_and_transfers.sql...
Applying migration 20260724152713_activity_governance_and_participation.sql...
Applying migration 20260724152722_contextual_chat_foundation.sql...
Applying migration 20260724152731_attendance_assiduity_foundation.sql...
Applying migration 20260724161334_contextual_domains_compatibility_hardening.sql...
Applying migration 20260724161706_contextual_domains_advisor_hardening.sql...
Applying migration 20260724162210_contextual_chat_lifecycle_hardening.sql...
Applying migration 20260724162604_contextual_chat_trigger_hardening.sql...
Applying migration 20260724162900_contextual_chat_audit_schema_hardening.sql...
Applying migration 20260727130433_remediate_schema_column_catalog_completeness.sql...
Applying migration 20260728172333_institution_profile_and_legal_representatives.sql...
Applying migration 20260728203000_cover_institution_legal_representative_membership_fk.sql...
Applying migration 20260729140915_unit_type_plan_foundation.sql...
Applying migration 20260729141839_superadmin_people_directory.sql...
Applying migration 20260729144440_profiles_permissions_governance.sql...
Applying migration 20260729153000_superadmin_people_directory_policy_hardening.sql...
Applying migration 20260729153100_child_context_lifecycle_trigger_hardening.sql...
Applying migration 20260804205732_access_profile_permission_matrix_metadata.sql...
Applying migration 20260811125345_institution_management_commands.sql...
Applying migration 20260811151253_assert_function_execute_preflight.sql...
Applying migration 20260811151254_group_management_security.sql...
Applying migration 20260811192514_activity_management_security.sql...
Applying migration 20260811193838_activity_management_commands.sql...
Applying migration 20260811194624_activity_aggregate_commands.sql...
Applying migration 20260811194840_activity_files_identity_commands.sql...
Applying migration 20260811195042_activity_file_workers.sql...
Applying migration 20260811195429_activity_management_hardening.sql...
Applying migration 20260811200614_activity_read_model_contract_hardening.sql...
Applying migration 20260811201830_activity_file_job_authorization.sql...
Applying migration 20260811201945_activity_template_commands_hardening.sql...
Applying migration 20260811202030_activity_options_minimization.sql...
Applying migration 20260811215451_access_profile_management_v2.sql...
Applying migration 20260811215452_access_profile_labels_replay_bridge.sql...
Applying migration 20260812000847_audit_production.sql...
Applying migration 20260813155005_forms_definition_and_capabilities.sql...
Applying migration 20260813155116_forms_distribution_and_occurrences.sql...
Applying migration 20260827214000_harden_default_function_execute_privileges.sql...
Applying migration 20260827233000_superadmin_internal_auth_context.sql...
Applying migration 20260827235500_superadmin_internal_institution_list_filter.sql...
Applying migration 20260901124500_harden_superadmin_auth_context_denial_audit.sql...
Applying migration 20260901200206_defer_superadmin_internal_mfa_until_mvp_go_live.sql...
Applying migration 20260908000049_superadmin_forms_directory_internal_read.sql...
Applying migration 20260908030958_location_form_options_remote_snapshot_local.sql...
ERROR: local options baseline drift (SQLSTATE 55000)
At statement: 3
do $local_snapshot$
declare
  snapshot jsonb := $snapshot${
  "source": "Supabase production catalog read-only 2026-09-08T05:28:22Z; authorized local replay snapshot only",
  "signature": "app_private.superadmin_get_activity_form_options(uuid)",
  "definition_md5_raw": "65fe6408f0f2c6b0c1c9d71a809f2d80",
  "definition_md5_lf": "516a06602a96073317e495dbb9d5b040",
  "source_md5_raw": "1f40c83ab7cbd772a9983a5e61138eb0",
  "source_md5_lf": "08697eaa5c84dc2938b0c1ffaf6de056",
  "definition": "CREATE OR REPLACE FUNCTION app_private.superadmin_get_activity_form_options(p_institution_id uuid)\n RETURNS jsonb\n LANGUAGE plpgsql\n STABLE SECURITY DEFINER\n SET search_path TO ''\nAS $function$\r\ndeclare result jsonb;\r\nbegin\r\n if (select auth.uid()) is null or\r\n    not app_private.has_platform_permission('activities.read') then\r\n  raise insufficient_privilege using message='activities.read required';\r\n end if;\r\n if p_institution_id is not null and not exists(select 1 from public.institutions institution\r\n   where institution.id=p_institution_id) then\r\n  raise no_data_found using message='institution not found';\r\n end if;\r\n select jsonb_build_object(\r\n  'institutions',coalesce((select jsonb_agg(jsonb_build_object(\r\n    'id',institution.id,'name',institution.public_name) order by institution.public_name)\r\n    from public.institutions institution\r\n    where p_institution_id is null or institution.id=p_institution_id),'[]'::jsonb),\r\n  'units',coalesce((select jsonb_agg(jsonb_build_object(\r\n    'id',unit.id,'institution_id',unit.institution_id,'name',unit.name) order by unit.name)\r\n    from public.units unit where (p_institution_id is null\r\n      or unit.institution_id=p_institution_id) and unit.status<>'archived'),'[]'::jsonb),\r\n  'locations',coalesce((select jsonb_agg(jsonb_build_object(\r\n    'id',location.id,'unit_id',location.unit_id,'name',location.name) order by location.name)\r\n    from public.activity_locations location where (p_institution_id is null\r\n      or location.institution_id=p_institution_id) and location.status='active'),'[]'::jsonb),\r\n  'groups',coalesce((select jsonb_agg(jsonb_build_object(\r\n    'id',group_record.id,'unit_id',group_record.unit_id,'name',group_record.name,\r\n    'participant_count',(select count(*) from public.child_group_links child_link\r\n      where child_link.group_id=group_record.id and child_link.status='active'))\r\n    order by group_record.name) from public.groups group_record\r\n    where (p_institution_id is null or group_record.institution_id=p_institution_id)\r\n     and group_record.status<>'archived'),'[]'::jsonb),\r\n  'professionals',coalesce((select jsonb_agg(jsonb_build_object(\r\n    'membership_id',membership.id,'person_id',person.id,'name',person.display_name,\r\n    'role',membership.role_code) order by person.display_name)\r\n    from public.institution_memberships membership\r\n    join public.people person on person.id=membership.person_id\r\n    where (p_institution_id is null or membership.institution_id=p_institution_id)\r\n     and membership.status='active' and membership.revoked_at is null\r\n     and person.person_type<>'child' and person.status='active'),'[]'::jsonb),\r\n  'taxonomy',coalesce((select jsonb_agg(jsonb_build_object(\r\n    'id',category.id,'label',category.name,'is_other',category.code='outros',\r\n    'subtypes',coalesce((select jsonb_agg(jsonb_build_object(\r\n      'id',subtype.id,'label',subtype.name) order by subtype.sort_order,subtype.name)\r\n      from public.activity_taxonomies subtype where subtype.parent_id=category.id\r\n       and subtype.status='active'),'[]'::jsonb))\r\n    order by category.sort_order,category.name)\r\n    from public.activity_taxonomies category\r\n    where category.taxonomy_kind='category' and category.status='active'),'[]'::jsonb),\r\n  'templates',coalesce((select jsonb_agg(jsonb_build_object(\n    'id',template.id,'name',template.name,\n    'description',template.description,\n    'scope_kind',template.scope_kind,\n    'institution_id',template.institution_id,\n    'governance_kind',template.governance_kind,\n    'taxonomy_id',coalesce(taxonomy.parent_id,taxonomy.id),\n    'subtype_id',case when taxonomy.taxonomy_kind='subtype' then taxonomy.id end)\r\n    order by template.name)\r\n    from public.activity_templates template\r\n    join public.activity_taxonomies taxonomy on taxonomy.id=template.taxonomy_id\r\n    where template.status='active' and (template.scope_kind='platform'\r\n      or template.institution_id=p_institution_id)),'[]'::jsonb)\r\n ) into result;\r\n return result;\r\nend $function$\n"
}$snapshot$::jsonb;
  proc_record record;
begin
  if current_user <> 'postgres' or current_setting('coelo.local_replay',true)
    is distinct from 'location-catalog-v2-remote-options-snapshot' then
    raise insufficient_privilege using message='nominal local snapshot opt-in required';
  end if;
  select p.* into proc_record from pg_proc p where p.oid=to_regprocedure(
    'app_private.superadmin_get_activity_form_options(uuid)');
  if proc_record.oid is null then
    raise object_not_in_prerequisite_state using message='local options baseline missing';
  end if;
  if md5(pg_get_functiondef(proc_record.oid)) <> '70700ddc38d42df4fae75765b7ff2617'
    or md5(replace(pg_get_functiondef(proc_record.oid),E'\r\n',E'\n')) <> 'b951e603ef34b7d26597356a16eb6d06'
    or pg_get_userbyid(proc_record.proowner) <> 'postgres'
    or not proc_record.prosecdef or proc_record.provolatile <> 's'
    or proc_record.proconfig is distinct from array['search_path=""']::text[]
    or exists(select 1 from aclexplode(coalesce(proc_record.proacl,acldefault('f',proc_record.proowner))) a
      where a.grantee <> proc_record.proowner) then
    raise object_not_in_prerequisite_state using message='local options baseline drift';
  end if;
  if snapshot->>'signature' <> 'app_private.superadmin_get_activity_form_options(uuid)'
    or md5(snapshot->>'definition') <> '65fe6408f0f2c6b0c1c9d71a809f2d80'
    or md5(replace(snapshot->>'definition',E'\r\n',E'\n')) <> '516a06602a96073317e495dbb9d5b040' then
    raise object_not_in_prerequisite_state using message='local remote snapshot bytes drift';
  end if;
  execute (snapshot->>'definition');
  if md5(pg_get_functiondef(proc_record.oid)) <> '65fe6408f0f2c6b0c1c9d71a809f2d80'
    or (select md5(prosrc) from pg_proc where oid=proc_record.oid) <> '1f40c83ab7cbd772a9983a5e61138eb0'
    or (select md5(replace(prosrc,E'\r\n',E'\n')) from pg_proc where oid=proc_record.oid) <> '08697eaa5c84dc2938b0c1ffaf6de056'
    or (select proacl is distinct from proc_record.proacl or proowner <> proc_record.proowner
      or not prosecdef or provolatile <> 's' or proconfig is distinct from proc_record.proconfig
      from pg_proc where oid=proc_record.oid) then
    raise object_not_in_prerequisite_state using message='local remote snapshot postcondition drift';
  end if;
end
$local_snapshot$
Try rerunning the command with --debug to troubleshoot the error.
safe local db reset failed with exit code 1
No C:\Users\adrie\Documents\Coelo\packages\coelo_database\scripts\Invoke-SafeLocalMigrationReplay.ps1:488 caractere:24
+ if ($primaryFailure) { throw $primaryFailure }
+                        ~~~~~~~~~~~~~~~~~~~~~
    + CategoryInfo          : NotSpecified: (:) [], ParentContainsErrorRecordException
    + FullyQualifiedErrorId : RuntimeException
