[rtk] /!\ No hook installed — run `rtk init -g` for automatic token savings
Prepared 57 safe replay migrations (53 canonical + 2 preflight + 2 local fixtures); profile=LocationCatalogV2; additional=4; manifest_sha256=4279e67c9651f4049329591b6e8aad82e3a9052506c1a4e16ba8bbb693249d59; preflight_sha256=20260811151253_assert_function_execute_preflight=718C2DE052E9DF29ABC42642806D9A5E4D98C8964665453DE6F14F0F8B61AB75,20260811215452_access_profile_labels_replay_bridge=D97E02796FCD5897707B5657B7A1C1DF690F831E09ED98DF6ED21886F75F9EF3.
Resetting local database to version: 20260908190650
Recreating database...
Initialising schema...
Seeding globals from roles.sql...
Applying migration 20260623191021_superadmin_foundation_v1.sql...
Applying migration 20260623203230_schema_boundaries_catalog_v1.sql...
Applying migration 20260717151609_institution_directory_foundation.sql...
Applying migration 20260720103023_institution_contact_directory_refinement.sql...
Applying migration 20260720180000_people_context_foundation.sql...
Applying migration 20260720190000_people_context_advisor_hardening.sql...
Applying migration 20260724120307_contextual_activities_foundation.sql...
Applying migration 20260724122545_contextual_activities_fk_index_hardening.sql...
Applying migration 20260724152628_contextual_authorization_core.sql...
Applying migration 20260724152707_family_authorizations_and_transfers.sql...
Applying migration 20260724152713_activity_governance_and_participation.sql...
Applying migration 20260724152722_contextual_chat_foundation.sql...
Applying migration 20260724152731_attendance_assiduity_foundation.sql...
Applying migration 20260724161334_contextual_domains_compatibility_hardening.sql...
Applying migration 20260724161706_contextual_domains_advisor_hardening.sql...
Applying migration 20260724162210_contextual_chat_lifecycle_hardening.sql...
Applying migration 20260724162604_contextual_chat_trigger_hardening.sql...
Applying migration 20260724162900_contextual_chat_audit_schema_hardening.sql...
Applying migration 20260727130433_remediate_schema_column_catalog_completeness.sql...
Applying migration 20260728172333_institution_profile_and_legal_representatives.sql...
Applying migration 20260728203000_cover_institution_legal_representative_membership_fk.sql...
Applying migration 20260729140915_unit_type_plan_foundation.sql...
Applying migration 20260729141839_superadmin_people_directory.sql...
Applying migration 20260729144440_profiles_permissions_governance.sql...
Applying migration 20260729153000_superadmin_people_directory_policy_hardening.sql...
Applying migration 20260729153100_child_context_lifecycle_trigger_hardening.sql...
Applying migration 20260804205732_access_profile_permission_matrix_metadata.sql...
Applying migration 20260811125345_institution_management_commands.sql...
Applying migration 20260811151253_assert_function_execute_preflight.sql...
Applying migration 20260811151254_group_management_security.sql...
Applying migration 20260811192514_activity_management_security.sql...
Applying migration 20260811193838_activity_management_commands.sql...
Applying migration 20260811194624_activity_aggregate_commands.sql...
Applying migration 20260811194840_activity_files_identity_commands.sql...
Applying migration 20260811195042_activity_file_workers.sql...
Applying migration 20260811195429_activity_management_hardening.sql...
Applying migration 20260811200614_activity_read_model_contract_hardening.sql...
Applying migration 20260811201830_activity_file_job_authorization.sql...
Applying migration 20260811201945_activity_template_commands_hardening.sql...
Applying migration 20260811202030_activity_options_minimization.sql...
Applying migration 20260811215451_access_profile_management_v2.sql...
Applying migration 20260811215452_access_profile_labels_replay_bridge.sql...
Applying migration 20260812000847_audit_production.sql...
Applying migration 20260813155005_forms_definition_and_capabilities.sql...
Applying migration 20260813155116_forms_distribution_and_occurrences.sql...
Applying migration 20260827214000_harden_default_function_execute_privileges.sql...
Applying migration 20260827233000_superadmin_internal_auth_context.sql...
Applying migration 20260827235500_superadmin_internal_institution_list_filter.sql...
Applying migration 20260901124500_harden_superadmin_auth_context_denial_audit.sql...
Applying migration 20260901200206_defer_superadmin_internal_mfa_until_mvp_go_live.sql...
Applying migration 20260908000049_superadmin_forms_directory_internal_read.sql...
Applying migration 20260908030958_location_form_options_remote_snapshot_local.sql...
Applying migration 20260908030959_location_catalog_v2_capability_bootstrap_local.sql...
Applying migration 20260908031000_superadmin_location_catalog_v2.sql...
Applying migration 20260908190646_superadmin_locations_update_status_v2.sql...
Applying migration 20260908190648_superadmin_locations_copy_v2.sql...
Applying migration 20260908190650_superadmin_locations_schedule_v2.sql...
Restarting containers...
Finished supabase db reset on branch main.
A new version of Supabase CLI is available: v2.117.0 (currently installed v2.116.0)
We recommend updating regularly for new features and bug fixes: https://supabase.com/docs/guides/cli/getting-started#updating-the-supabase-cli
Connecting to local database...
psql:/Users/adrie/Documents/Coelo/packages/coelo_database/supabase/tests/superadmin_location_catalog_v2_test.sql:3: NOTICE:  extension "pgtap" already exists, skipping
/Users/adrie/Documents/Coelo/packages/coelo_database/supabase/tests/superadmin_location_catalog_v2_test.sql ................ 
# Failed test 4: "scope_kind"
# Failed test 5: "created_by_internal_identity_id"
# Looks like you failed 2 tests of 30
Failed 2/30 subtests 
psql:/Users/adrie/Documents/Coelo/packages/coelo_database/supabase/tests/superadmin_location_catalog_v2_authorization_test.sql:3: NOTICE:  extension "pgtap" already exists, skipping
psql:/Users/adrie/Documents/Coelo/packages/coelo_database/supabase/tests/superadmin_location_catalog_v2_authorization_test.sql:142: ERROR:  internal membership version mismatch
CONTEXT:  PL/pgSQL function app_private.guard_superadmin_internal_membership_lifecycle() line 14 at RAISE
/Users/adrie/Documents/Coelo/packages/coelo_database/supabase/tests/superadmin_location_catalog_v2_authorization_test.sql .. 
Dubious, test returned 3 (wstat 768, 0x300)
All 15 subtests passed 
psql:/Users/adrie/Documents/Coelo/packages/coelo_database/supabase/tests/superadmin_location_catalog_v2_isolation_test.sql:3: NOTICE:  extension "pgtap" already exists, skipping
/Users/adrie/Documents/Coelo/packages/coelo_database/supabase/tests/superadmin_location_catalog_v2_isolation_test.sql ...... ok
psql:/Users/adrie/Documents/Coelo/packages/coelo_database/supabase/tests/superadmin_location_remote_options_cutover_test.sql:5: NOTICE:  extension "pgtap" already exists, skipping
/Users/adrie/Documents/Coelo/packages/coelo_database/supabase/tests/superadmin_location_remote_options_cutover_test.sql .... ok
psql:/Users/adrie/Documents/Coelo/packages/coelo_database/supabase/tests/superadmin_locations_update_status_v2_test.sql:4: NOTICE:  extension "pgtap" already exists, skipping
/Users/adrie/Documents/Coelo/packages/coelo_database/supabase/tests/superadmin_locations_update_status_v2_test.sql ......... ok
psql:/Users/adrie/Documents/Coelo/packages/coelo_database/supabase/tests/superadmin_locations_copy_v2_test.sql:4: NOTICE:  extension "pgtap" already exists, skipping
/Users/adrie/Documents/Coelo/packages/coelo_database/supabase/tests/superadmin_locations_copy_v2_test.sql .................. ok
psql:/Users/adrie/Documents/Coelo/packages/coelo_database/supabase/tests/superadmin_locations_schedule_v2_test.sql:4: NOTICE:  extension "pgtap" already exists, skipping
/Users/adrie/Documents/Coelo/packages/coelo_database/supabase/tests/superadmin_locations_schedule_v2_test.sql .............. ok

Test Summary Report
-------------------
/Users/adrie/Documents/Coelo/packages/coelo_database/supabase/tests/superadmin_location_catalog_v2_test.sql              (Wstat: 0 Tests: 30 Failed: 2)
  Failed tests:  4-5
/Users/adrie/Documents/Coelo/packages/coelo_database/supabase/tests/superadmin_location_catalog_v2_authorization_test.sql (Wstat: 768 (exited 3) Tests: 15 Failed: 0)
  Non-zero exit status: 3
  Parse errors: No plan found in TAP output
Files=7, Tests=154,  1 wallclock secs ( 0.04 usr  0.02 sys +  0.05 cusr  0.03 csys =  0.14 CPU)
Result: FAIL
error running container: exit 1
Try rerunning the command with --debug to troubleshoot the error.
safe local pgTAP failed with exit code 1
No C:\Users\adrie\Documents\Coelo\packages\coelo_database\scripts\Invoke-SafeLocalMigrationReplay.ps1:488 caractere:24
+ if ($primaryFailure) { throw $primaryFailure }
+                        ~~~~~~~~~~~~~~~~~~~~~
    + CategoryInfo          : NotSpecified: (:) [], ParentContainsErrorRecordException
    + FullyQualifiedErrorId : RuntimeException
