rtk : [rtk] /!\ No hook installed — run `rtk init -g` for automatic token savings
No linha:2 caractere:1
+ rtk proxy flutter test --no-pub test/features/platform_users/presenta ...
+ ~~~~~~~~~~~~~~~~~~~~~~~~~~~~~~~~~~~~~~~~~~~~~~~~~~~~~~~~~~~~~~~~~~~~~
    + CategoryInfo          : NotSpecified: ([rtk] /!\ No ho...c token savings:String) [], RemoteException
    + FullyQualifiedErrorId : NativeCommandError
 
00:00 +0: loading C:/Users/adrie/Documents/Coelo.worktrees/e2-r02-d04-acessos/apps/superadmin/test/features/platform_users/presentation/platform_user_form_context_test.dart
00:00 +0: confirmed create cannot be edited or submitted again after completion failure
══╡ EXCEPTION CAUGHT BY FLUTTER TEST FRAMEWORK ╞════════════════════════════════════════════════════
The following TestFailure was thrown running a test:
Expected: exactly one matching candidate
  Actual: _TextWidgetFinder:<Found 0 widgets with text "Cadastro salvo": []>
   Which: means none were found but one was expected

When the exception was thrown, this was the stack:
#4      main.<anonymous closure> (file:///C:/Users/adrie/Documents/Coelo.worktrees/e2-r02-d04-acessos/apps/superadmin/test/features/platform_users/presentation/platform_user_form_context_test.dart:64:5)
<asynchronous suspension>
#5      testWidgets.<anonymous closure>.<anonymous closure> (package:flutter_test/src/widget_tester.dart:192:15)
<asynchronous suspension>
#6      TestWidgetsFlutterBinding._runTestBody (package:flutter_test/src/binding.dart:1952:5)
<asynchronous suspension>
<asynchronous suspension>
(elided one frame from package:stack_trace)

This was caught by the test expectation on the following line:
  file:///C:/Users/adrie/Documents/Coelo.worktrees/e2-r02-d04-acessos/apps/superadmin/test/features/platform_users/presentation/platform_user_form_context_test.dart line 64
The test description was:
  confirmed create cannot be edited or submitted again after completion failure
════════════════════════════════════════════════════════════════════════════════════════════════════
00:03 +0 -1: confirmed create cannot be edited or submitted again after completion failure [E]
  Test failed. See exception logs above.
  The test description was: confirmed create cannot be edited or submitted again after completion failure
  
00:03 +0 -1: Some tests failed.

Failing tests:
  C:/Users/adrie/Documents/Coelo.worktrees/e2-r02-d04-acessos/apps/superadmin/test/features/platform_users/presentation/platform_user_form_context_test.dart: confirmed create cannot be edited or submitted again after completion failure
