[rtk] /!\ No hook installed — run `rtk init -g` for automatic token savings
------- pre-test output -------
(node:40340) [DEP0040] DeprecationWarning: The `punycode` module is deprecated. Please use a userland alternative instead.
----- pre-test output end -----
running 3 tests from ./index_test.ts
answer R2 finalize confirma pelo legado, mede bytes/sha256/dimensoes e finaliza pelo service_role ... FAILED (10ms)
answer R2 finalize replay returns the same Flutter asset envelope without touching R2 ... FAILED (1ms)
answer R2 finalize never returns an unconfirmed or mismatched source ... FAILED (853µs)

 ERRORS 

answer R2 finalize confirma pelo legado, mede bytes/sha256/dimensoes e finaliza pelo service_role => ./index_test.ts:1266:6
error: AssertionError: Values are not equal.


    [Diff] Actual / Expected


    {
      asset_id: "11111111-1111-4111-8111-111111111111",
+     byte_length: 32,
+     id: "11111111-1111-4111-8111-111111111111",
+     item_id: "33333333-3333-4333-8333-333333333333",
      media_asset_id: "22222222-2222-4222-8222-222222222222",
+     mime_type: "image/png",
      state: "finalized",
    }

  throw new AssertionError(message);
        ^
    at assertEquals (https://jsr.io/@std/assert/1.0.14/equals.ts:64:9)
    at file:///C:/Users/adrie/Documents/Coelo.worktrees/e2-r08-formularios-cuidado-rotina/packages/coelo_database/supabase/functions/form-media/index_test.ts:1276:3

answer R2 finalize replay returns the same Flutter asset envelope without touching R2 => ./index_test.ts:1284:6
error: AssertionError: Values are not equal.


    [Diff] Actual / Expected


    {
      asset_id: "11111111-1111-4111-8111-111111111111",
+     byte_length: 32,
+     id: "11111111-1111-4111-8111-111111111111",
+     item_id: "33333333-3333-4333-8333-333333333333",
+     media_asset_id: "22222222-2222-4222-8222-222222222222",
+     mime_type: "image/png",
      state: "finalized",
    }

  throw new AssertionError(message);
        ^
    at assertEquals (https://jsr.io/@std/assert/1.0.14/equals.ts:64:9)
    at file:///C:/Users/adrie/Documents/Coelo.worktrees/e2-r08-formularios-cuidado-rotina/packages/coelo_database/supabase/functions/form-media/index_test.ts:1288:3

answer R2 finalize never returns an unconfirmed or mismatched source => ./index_test.ts:1294:6
error: AssertionError: Values are not equal.


    [Diff] Actual / Expected


-   200
+   400

  throw new AssertionError(message);
        ^
    at assertEquals (https://jsr.io/@std/assert/1.0.14/equals.ts:64:9)
    at file:///C:/Users/adrie/Documents/Coelo.worktrees/e2-r08-formularios-cuidado-rotina/packages/coelo_database/supabase/functions/form-media/index_test.ts:1298:5

 FAILURES 

answer R2 finalize confirma pelo legado, mede bytes/sha256/dimensoes e finaliza pelo service_role => ./index_test.ts:1266:6
answer R2 finalize replay returns the same Flutter asset envelope without touching R2 => ./index_test.ts:1284:6
answer R2 finalize never returns an unconfirmed or mismatched source => ./index_test.ts:1294:6

FAILED | 0 passed | 3 failed | 27 filtered out (23ms)

error: Test failed
