[rtk] /!\ No hook installed — run `rtk init -g` for automatic token savings
Resolving dependencies...
Downloading packages...
  clock 1.1.2 (1.1.3 available)
  code_assets 1.2.1 (2.0.0 available)
  cross_file 0.3.5+4 (0.3.5+5 available)
  crypto 3.0.6 (3.0.7 available)
  dbus 0.7.13 (0.7.15 available)
  file_picker 10.3.10 (12.2.0 available)
  flutter_svg 2.2.3 (2.3.0 available)
  functions_client 2.6.4 (2.7.1 available)
  go_router 16.3.0 (18.0.1 available)
  gotrue 2.26.0 (2.27.2 available)
  hooks 2.0.2 (2.2.0 available)
  intl 0.20.2 (0.20.3 available)
  matcher 0.12.19 (0.12.20 available)
  material_color_utilities 0.13.0 (0.13.1 available)
  meta 1.18.0 (1.19.0 available)
  mime 2.0.0 (2.1.0 available)
  objective_c 9.5.0 (9.6.0 available)
  passkeys_platform_interface 2.8.0 (2.9.0 available)
  platform 3.1.6 (3.2.0 available)
  postgrest 2.8.0 (2.9.1 available)
  realtime_client 2.11.0 (2.13.0 available)
  record_use 0.6.0 (1.1.1 available)
  shared_preferences_android 2.4.27 (2.4.28 available)
  shared_preferences_foundation 2.5.6 (2.5.7 available)
  stack_trace 1.12.1 (1.12.2 available)
  storage_client 2.6.0 (2.8.0 available)
  supabase 2.14.0 (2.16.1 available)
  supabase_flutter 2.16.0 (2.17.2 available)
  test_api 0.7.11 (0.7.14 available)
  url_launcher_android 6.3.32 (6.3.33 available)
  url_launcher_ios 6.4.1 (6.4.2 available)
  url_launcher_linux 3.2.2 (3.2.3 available)
  url_launcher_macos 3.2.5 (3.2.6 available)
  url_launcher_windows 3.1.5 (3.1.6 available)
  vector_graphics 1.2.2 (1.2.3 available)
  vector_graphics_compiler 1.2.6 (1.3.0 available)
  vector_math 2.2.0 (2.4.2 available)
  vm_service 15.2.0 (15.3.0 available)
  win32 5.15.0 (6.4.0 available)
Got dependencies!
39 packages have newer versions incompatible with dependency constraints.
Try `flutter pub outdated` for more information.
00:00 +0: loading C:/Users/adrie/Documents/Coelo.worktrees/e2-r08-formularios-cuidado-rotina/apps/superadmin/test/features/forms/presentation/response/forms_camera_capture_test.dart
00:00 +0: underlying form disposal purges camera during finalizeTree
══╡ EXCEPTION CAUGHT BY FLUTTER TEST FRAMEWORK ╞════════════════════════════════════════════════════
The following MediaSessionPurgeException was thrown running a test:
Private media cleanup failed.

When the exception was thrown, this was the stack:
#4      MediaSession._purge (package:coelo_api/src/media/media_session.dart:67:18)
#6      MediaSession._purge (package:coelo_api/src/media/media_session.dart:55:5)
#7      MediaSession.invalidate (package:coelo_api/src/media/media_session.dart:47:15)
#8      _SessionOwnerState.dispose (file:///C:/Users/adrie/Documents/Coelo.worktrees/e2-r08-formularios-cuidado-rotina/apps/superadmin/test/features/forms/presentation/response/forms_camera_capture_test.dart:225:30)
#9      StatefulElement.unmount (package:flutter/src/widgets/framework.dart:6030:11)
#10     _InactiveElements._unmount (package:flutter/src/widgets/framework.dart:2117:13)
#11     ListIterable.forEach (dart:_internal/iterable.dart:49:13)
#12     _InactiveElements._unmountAll (package:flutter/src/widgets/framework.dart:2126:25)
#13     BuildOwner.lockState (package:flutter/src/widgets/framework.dart:3020:15)
#14     BuildOwner.finalizeTree (package:flutter/src/widgets/framework.dart:3344:7)
#15     AutomatedTestWidgetsFlutterBinding.drawFrame (package:flutter_test/src/binding.dart:2453:19)
#16     RendererBinding._handlePersistentFrameCallback (package:flutter/src/rendering/binding.dart:509:5)
#17     SchedulerBinding._invokeFrameCallback (package:flutter/src/scheduler/binding.dart:1430:15)
#18     SchedulerBinding.handleDrawFrame (package:flutter/src/scheduler/binding.dart:1345:9)
#19     AutomatedTestWidgetsFlutterBinding.pump.<anonymous closure> (package:flutter_test/src/binding.dart:2260:9)
#22     TestAsyncUtils.guard (package:flutter_test/src/test_async_utils.dart:74:41)
#23     AutomatedTestWidgetsFlutterBinding.pump (package:flutter_test/src/binding.dart:2249:27)
#24     WidgetTester.pump.<anonymous closure> (package:flutter_test/src/widget_tester.dart:652:53)
#27     TestAsyncUtils.guard (package:flutter_test/src/test_async_utils.dart:74:41)
#28     WidgetTester.pump (package:flutter_test/src/widget_tester.dart:652:27)
#29     main.<anonymous closure> (file:///C:/Users/adrie/Documents/Coelo.worktrees/e2-r08-formularios-cuidado-rotina/apps/superadmin/test/features/forms/presentation/response/forms_camera_capture_test.dart:31:18)
#31     main.<anonymous closure> (file:///C:/Users/adrie/Documents/Coelo.worktrees/e2-r08-formularios-cuidado-rotina/apps/superadmin/test/features/forms/presentation/response/forms_camera_capture_test.dart:17:5)
#32     testWidgets.<anonymous closure>.<anonymous closure> (package:flutter_test/src/widget_tester.dart:192:29)
#34     testWidgets.<anonymous closure>.<anonymous closure> (package:flutter_test/src/widget_tester.dart:189:25)
#35     TestWidgetsFlutterBinding._runTestBody (package:flutter_test/src/binding.dart:1952:19)
#37     TestWidgetsFlutterBinding._runTestBody (package:flutter_test/src/binding.dart:1941:5)
#40     TestWidgetsFlutterBinding._runTest (package:flutter_test/src/binding.dart:1926:10)
#41     AutomatedTestWidgetsFlutterBinding.runTest.<anonymous closure> (package:flutter_test/src/binding.dart:2489:24)
#42     FakeAsync.run.<anonymous closure>.<anonymous closure> (package:fake_async/fake_async.dart:182:47)
#47     withClock (package:clock/src/default.dart:52:10)
#48     FakeAsync.run.<anonymous closure> (package:fake_async/fake_async.dart:182:15)
#53     FakeAsync.run (package:fake_async/fake_async.dart:181:52)
#54     AutomatedTestWidgetsFlutterBinding.runTest (package:flutter_test/src/binding.dart:2486:15)
#55     testWidgets.<anonymous closure> (package:flutter_test/src/widget_tester.dart:184:24)
#56     Declarer.test.<anonymous closure>.<anonymous closure> (package:test_api/src/backend/declarer.dart:253:25)
#58     Declarer.test.<anonymous closure>.<anonymous closure> (package:test_api/src/backend/declarer.dart:252:15)
#63     Declarer.test.<anonymous closure> (package:test_api/src/backend/declarer.dart:250:17)
#64     Invoker._waitForOutstandingCallbacks.<anonymous closure> (package:test_api/src/backend/invoker.dart:318:17)
#69     Invoker._waitForOutstandingCallbacks (package:test_api/src/backend/invoker.dart:314:5)
#70     Invoker._onRun.<anonymous closure>.<anonymous closure>.<anonymous closure> (package:test_api/src/backend/invoker.dart:457:21)
#72     Invoker._onRun.<anonymous closure>.<anonymous closure>.<anonymous closure> (package:test_api/src/backend/invoker.dart:455:15)
#77     Invoker._onRun.<anonymous closure>.<anonymous closure> (package:test_api/src/backend/invoker.dart:445:11)
#78     Invoker._guardIfGuarded (package:test_api/src/backend/invoker.dart:500:15)
#79     Invoker._onRun.<anonymous closure> (package:test_api/src/backend/invoker.dart:444:9)
#86     Invoker._onRun (package:test_api/src/backend/invoker.dart:442:11)
#87     LiveTestController.run (package:test_api/src/backend/live_test_controller.dart:161:11)
#88     RemoteListener._runLiveTest.<anonymous closure> (package:test_api/src/backend/remote_listener.dart:323:16)
#93     RemoteListener._runLiveTest (package:test_api/src/backend/remote_listener.dart:322:5)
#94     RemoteListener._serializeTest.<anonymous closure> (package:test_api/src/backend/remote_listener.dart:263:7)
#112    _GuaranteeSink.add (package:stream_channel/src/guarantee_channel.dart:125:12)
#113    new _MultiChannel.<anonymous closure> (package:stream_channel/src/multi_channel.dart:159:31)
#115    CastStreamSubscription._onData (dart:_internal/async_cast.dart:95:11)
#141    new _WebSocketImpl._fromSocket.<anonymous closure> (dart:_http/websocket_impl.dart:1252:27)
#147    _WebSocketProtocolTransformer._messageFrameEnd (dart:_http/websocket_impl.dart:348:23)
#148    _WebSocketProtocolTransformer.add (dart:_http/websocket_impl.dart:238:46)
#156    _Socket._onData (dart:io-patch/socket_patch.dart:2874:41)
#163    new _RawSocket.<anonymous closure> (dart:io-patch/socket_patch.dart:2312:31)
#164    _NativeSocket.issueReadEvent.issue (dart:io-patch/socket_patch.dart:1647:14)
(elided 108 frames from dart:async and package:stack_trace)

The test description was:
  underlying form disposal purges camera during finalizeTree
════════════════════════════════════════════════════════════════════════════════════════════════════
00:00 +0 -1: underlying form disposal purges camera during finalizeTree [E]
  Test failed. See exception logs above.
  The test description was: underlying form disposal purges camera during finalizeTree
  
══╡ EXCEPTION CAUGHT BY FLUTTER TEST FRAMEWORK ╞════════════════════════════════════════════════════
The following TestFailure was thrown running a test (but after the test had completed):
Expected: exactly one matching candidate
  Actual: _TextWidgetFinder:<Found 0 widgets with text "A sessão terminou. Abra novamente o
formulário.": []>
   Which: means none were found but one was expected

When the exception was thrown, this was the stack:
#0      fail (package:matcher/src/expect/expect.dart:187:31)
#1      _expect (package:matcher/src/expect/expect.dart:182:3)
#2      expect (package:matcher/src/expect/expect.dart:65:3)
#3      expect (package:flutter_test/src/widget_tester.dart:473:18)
#4      main.<anonymous closure> (file:///C:/Users/adrie/Documents/Coelo.worktrees/e2-r08-formularios-cuidado-rotina/apps/superadmin/test/features/forms/presentation/response/forms_camera_capture_test.dart:38:5)
<asynchronous suspension>
#5      testWidgets.<anonymous closure>.<anonymous closure> (package:flutter_test/src/widget_tester.dart:192:15)
<asynchronous suspension>
#6      TestWidgetsFlutterBinding._runTestBody (package:flutter_test/src/binding.dart:1952:5)
<asynchronous suspension>
<asynchronous suspension>
(elided one frame from package:stack_trace)
════════════════════════════════════════════════════════════════════════════════════════════════════
  Test failed. See exception logs above.
  The test description was: underlying form disposal purges camera during finalizeTree
  
00:00 +0 -1: Some tests failed.

Failing tests:
  C:/Users/adrie/Documents/Coelo.worktrees/e2-r08-formularios-cuidado-rotina/apps/superadmin/test/features/forms/presentation/response/forms_camera_capture_test.dart: underlying form disposal purges camera during finalizeTree
