[rtk] /!\ No hook installed — run `rtk init -g` for automatic token savings
Resolving dependencies...
Downloading packages...
  clock 1.1.2 (1.1.3 available)
  matcher 0.12.19 (0.12.20 available)
  material_color_utilities 0.13.0 (0.13.1 available)
  meta 1.18.0 (1.19.0 available)
  stack_trace 1.12.1 (1.12.2 available)
  test_api 0.7.11 (0.7.14 available)
  vector_math 2.2.0 (2.4.2 available)
  vm_service 15.2.0 (15.3.0 available)
Got dependencies!
8 packages have newer versions incompatible with dependency constraints.
Try `flutter pub outdated` for more information.
00:00 +0: loading C:/Users/adrie/Documents/Coelo.worktrees/e2-r08-formularios-cuidado-rotina/packages/coelo_ui_admin/test/table/coelo_admin_resizable_table_test.dart
00:00 +0: reserves disjoint 48 pixel resize target without stealing sort taps
══╡ EXCEPTION CAUGHT BY FLUTTER TEST FRAMEWORK ╞════════════════════════════════════════════════════
The following TestFailure was thrown running a test:
Expected: Size:<Size(48.0, 56.0)>
  Actual: Size:<Size(12.0, 56.0)>

When the exception was thrown, this was the stack:
#4      main.<anonymous closure> (file:///C:/Users/adrie/Documents/Coelo.worktrees/e2-r08-formularios-cuidado-rotina/packages/coelo_ui_admin/test/table/coelo_admin_resizable_table_test.dart:22:5)
<asynchronous suspension>
#5      testWidgets.<anonymous closure>.<anonymous closure> (package:flutter_test/src/widget_tester.dart:192:15)
<asynchronous suspension>
#6      TestWidgetsFlutterBinding._runTestBody (package:flutter_test/src/binding.dart:1952:5)
<asynchronous suspension>
<asynchronous suspension>
(elided one frame from package:stack_trace)

This was caught by the test expectation on the following line:
  file:///C:/Users/adrie/Documents/Coelo.worktrees/e2-r08-formularios-cuidado-rotina/packages/coelo_ui_admin/test/table/coelo_admin_resizable_table_test.dart line 22
The test description was:
  reserves disjoint 48 pixel resize target without stealing sort taps
════════════════════════════════════════════════════════════════════════════════════════════════════
00:00 +0 -1: reserves disjoint 48 pixel resize target without stealing sort taps [E]
  Test failed. See exception logs above.
  The test description was: reserves disjoint 48 pixel resize target without stealing sort taps
  
00:00 +0 -1: fixed width column has no ineffective resize target
══╡ EXCEPTION CAUGHT BY FLUTTER TEST FRAMEWORK ╞════════════════════════════════════════════════════
The following TestFailure was thrown running a test:
Expected: no matching candidates
  Actual: _ElementPredicateWidgetFinder:<Found 1 widget with a semantics label named "Redimensionar
coluna Ações": [
            Semantics(container: false, properties: SemanticsProperties, label: "Redimensionar
coluna Ações", dependencies: [Directionality], renderObject: RenderSemanticsAnnotations#a2684
relayoutBoundary=up1),
          ]>
   Which: means one was found but none were expected

When the exception was thrown, this was the stack:
#4      main.<anonymous closure> (file:///C:/Users/adrie/Documents/Coelo.worktrees/e2-r08-formularios-cuidado-rotina/packages/coelo_ui_admin/test/table/coelo_admin_resizable_table_test.dart:46:5)
<asynchronous suspension>
#5      testWidgets.<anonymous closure>.<anonymous closure> (package:flutter_test/src/widget_tester.dart:192:15)
<asynchronous suspension>
#6      TestWidgetsFlutterBinding._runTestBody (package:flutter_test/src/binding.dart:1952:5)
<asynchronous suspension>
<asynchronous suspension>
(elided one frame from package:stack_trace)

This was caught by the test expectation on the following line:
  file:///C:/Users/adrie/Documents/Coelo.worktrees/e2-r08-formularios-cuidado-rotina/packages/coelo_ui_admin/test/table/coelo_admin_resizable_table_test.dart line 46
The test description was:
  fixed width column has no ineffective resize target
════════════════════════════════════════════════════════════════════════════════════════════════════
00:00 +0 -2: fixed width column has no ineffective resize target [E]
  Test failed. See exception logs above.
  The test description was: fixed width column has no ineffective resize target
  
00:00 +0 -2: Some tests failed.

Failing tests:
  C:/Users/adrie/Documents/Coelo.worktrees/e2-r08-formularios-cuidado-rotina/packages/coelo_ui_admin/test/table/coelo_admin_resizable_table_test.dart: fixed width column has no ineffective resize target
  C:/Users/adrie/Documents/Coelo.worktrees/e2-r08-formularios-cuidado-rotina/packages/coelo_ui_admin/test/table/coelo_admin_resizable_table_test.dart: reserves disjoint 48 pixel resize target without stealing sort taps
