[rtk] /!\ No hook installed — run `rtk init -g` for automatic token savings
Resolving dependencies...
Downloading packages...
  clock 1.1.2 (1.1.3 available)
  matcher 0.12.19 (0.12.20 available)
  material_color_utilities 0.13.0 (0.13.1 available)
  meta 1.18.0 (1.19.0 available)
  stack_trace 1.12.1 (1.12.2 available)
  test_api 0.7.11 (0.7.14 available)
  vector_math 2.2.0 (2.4.2 available)
  vm_service 15.2.0 (15.3.0 available)
Got dependencies!
8 packages have newer versions incompatible with dependency constraints.
Try `flutter pub outdated` for more information.
00:00 +0: loading C:/Users/adrie/Documents/Coelo.worktrees/e2-r08-formularios-cuidado-rotina/packages/coelo_ui_admin/test/table/coelo_admin_resizable_table_test.dart
00:00 +0: sorted narrow column fits at 90 and 80 without widening the column
00:00 +1: reserves disjoint 48 pixel resize target without stealing sort taps
00:00 +2: fixed width column has no ineffective resize target
00:00 +3: uses the natural table width when columns are narrower than the viewport
00:00 +4: centers natural width and keeps the scrollbar across responsive widths
00:00 +5: keeps a pinned duplicate over a horizontally scrollable table
00:00 +6: keeps an idle main row background transparent
00:00 +7: aligns pinned and main rows in a wide overflowing table
00:00 +8: aligns headers and cells and keeps row keys stable
00:00 +9: keeps state attached to row identity when rows reorder
00:01 +10: synchronizes hover and selected highlights and handles row taps
00:01 +11: exposes accessible resize handles and resizes in eight pixel steps
00:01 +12: clamps drag resizing to the configured minimum and maximum
00:01 +13: reconciles widths when column identifiers change
00:01 +14: clamps preserved width when column constraints change
00:01 +15: controller focuses the exact interactive row and keyboard reactivates it
00:01 +16: sorts a header by touch and keyboard with semantic direction
00:01 +17: uses the visible pinned header as the only sort target after scrolling
00:01 +18: uses one InkWell focus stop with visible focus and native keyboard activation
00:01 +19: uses primary container for sortable-header hover and focus in light and dark
00:01 +20: All tests passed!
