[rtk] /!\ No hook installed — run `rtk init -g` for automatic token savings
Resolving dependencies...
Downloading packages...
  clock 1.1.2 (1.1.3 available)
  code_assets 1.2.1 (2.0.0 available)
  cross_file 0.3.5+4 (0.3.5+5 available)
  crypto 3.0.6 (3.0.7 available)
  dbus 0.7.13 (0.7.15 available)
  file_picker 10.3.10 (12.2.0 available)
  flutter_svg 2.2.3 (2.3.0 available)
  functions_client 2.6.4 (2.7.1 available)
  go_router 16.3.0 (18.0.1 available)
  gotrue 2.26.0 (2.27.2 available)
  hooks 2.0.2 (2.2.0 available)
  intl 0.20.2 (0.20.3 available)
  matcher 0.12.19 (0.12.20 available)
  material_color_utilities 0.13.0 (0.13.1 available)
  meta 1.18.0 (1.19.0 available)
  mime 2.0.0 (2.1.0 available)
  objective_c 9.5.0 (9.6.0 available)
  passkeys_platform_interface 2.8.0 (2.9.0 available)
  platform 3.1.6 (3.2.0 available)
  postgrest 2.8.0 (2.9.1 available)
  realtime_client 2.11.0 (2.13.0 available)
  record_use 0.6.0 (1.1.1 available)
  shared_preferences_android 2.4.27 (2.4.28 available)
  shared_preferences_foundation 2.5.6 (2.5.7 available)
  stack_trace 1.12.1 (1.12.2 available)
  storage_client 2.6.0 (2.8.0 available)
  supabase 2.14.0 (2.16.1 available)
  supabase_flutter 2.16.0 (2.17.2 available)
  test_api 0.7.11 (0.7.14 available)
  url_launcher_android 6.3.32 (6.3.33 available)
  url_launcher_ios 6.4.1 (6.4.2 available)
  url_launcher_linux 3.2.2 (3.2.3 available)
  url_launcher_macos 3.2.5 (3.2.6 available)
  url_launcher_windows 3.1.5 (3.1.6 available)
  vector_graphics 1.2.2 (1.2.3 available)
  vector_graphics_compiler 1.2.6 (1.3.0 available)
  vector_math 2.2.0 (2.4.2 available)
  vm_service 15.2.0 (15.3.0 available)
  win32 5.15.0 (6.4.0 available)
Got dependencies!
39 packages have newer versions incompatible with dependency constraints.
Try `flutter pub outdated` for more information.
00:00 +0: loading C:/Users/adrie/Documents/Coelo.worktrees/e2-r08-formularios-cuidado-rotina/apps/superadmin/test/features/attendance/attendance_pages_test.dart
00:00 +0: loaded call can change without reusing a disposed note controller
══╡ EXCEPTION CAUGHT BY WIDGETS LIBRARY ╞═══════════════════════════════════════════════════════════
The following assertion was thrown building Builder:
A TextEditingController was used after being disposed.
Once you have called dispose() on a TextEditingController, it can no longer be used.

The relevant error-causing widget was:
  MediaQuery
  MediaQuery:file:///C:/Users/adrie/Documents/Coelo.worktrees/e2-r08-formularios-cuidado-rotina/apps/superadmin/test/features/attendance/attendance_pages_test.dart:1814:35

When the exception was thrown, this was the stack:
#0      ChangeNotifier.debugAssertNotDisposed.<anonymous closure> (package:flutter/src/foundation/change_notifier.dart:184:9)
#1      ChangeNotifier.debugAssertNotDisposed (package:flutter/src/foundation/change_notifier.dart:191:6)
#2      ChangeNotifier.dispose (package:flutter/src/foundation/change_notifier.dart:377:27)
#3      _AttendanceCallPageState.didUpdateWidget (package:coelo_superadmin/features/attendance/attendance_pages.dart:711:15)
#4      StatefulElement.update (package:flutter/src/widgets/framework.dart:5991:55)
#5      Element.updateChild (package:flutter/src/widgets/framework.dart:4037:15)
#6      SingleChildRenderObjectElement.update (package:flutter/src/widgets/framework.dart:7122:14)
#7      Element.updateChild (package:flutter/src/widgets/framework.dart:4037:15)
#8      ComponentElement.performRebuild (package:flutter/src/widgets/framework.dart:5841:16)
#9      Element.rebuild (package:flutter/src/widgets/framework.dart:5529:7)
#10     StatelessElement.update (package:flutter/src/widgets/framework.dart:5895:5)
#11     Element.updateChild (package:flutter/src/widgets/framework.dart:4037:15)
#12     SingleChildRenderObjectElement.update (package:flutter/src/widgets/framework.dart:7122:14)
#13     Element.updateChild (package:flutter/src/widgets/framework.dart:4037:15)
#14     SingleChildRenderObjectElement.update (package:flutter/src/widgets/framework.dart:7122:14)
#15     Element.updateChild (package:flutter/src/widgets/framework.dart:4037:15)
#16     ComponentElement.performRebuild (package:flutter/src/widgets/framework.dart:5841:16)
#17     StatefulElement.performRebuild (package:flutter/src/widgets/framework.dart:5982:11)
#18     Element.rebuild (package:flutter/src/widgets/framework.dart:5529:7)
#19     StatefulElement.update (package:flutter/src/widgets/framework.dart:6007:5)
#20     Element.updateChild (package:flutter/src/widgets/framework.dart:4037:15)
#21     SingleChildRenderObjectElement.update (package:flutter/src/widgets/framework.dart:7122:14)
#22     Element.updateChild (package:flutter/src/widgets/framework.dart:4037:15)
#23     ComponentElement.performRebuild (package:flutter/src/widgets/framework.dart:5841:16)
#24     StatefulElement.performRebuild (package:flutter/src/widgets/framework.dart:5982:11)
#25     Element.rebuild (package:flutter/src/widgets/framework.dart:5529:7)
#26     StatefulElement.update (package:flutter/src/widgets/framework.dart:6007:5)
#27     Element.updateChild (package:flutter/src/widgets/framework.dart:4037:15)
#28     SingleChildRenderObjectElement.update (package:flutter/src/widgets/framework.dart:7122:14)
#29     Element.updateChild (package:flutter/src/widgets/framework.dart:4037:15)
#30     SingleChildRenderObjectElement.update (package:flutter/src/widgets/framework.dart:7122:14)
#31     Element.updateChild (package:flutter/src/widgets/framework.dart:4037:15)
#32     ComponentElement.performRebuild (package:flutter/src/widgets/framework.dart:5841:16)
#33     StatefulElement.performRebuild (package:flutter/src/widgets/framework.dart:5982:11)
#34     Element.rebuild (package:flutter/src/widgets/framework.dart:5529:7)
#35     StatefulElement.update (package:flutter/src/widgets/framework.dart:6007:5)
#36     Element.updateChild (package:flutter/src/widgets/framework.dart:4037:15)
#37     SingleChildRenderObjectElement.update (package:flutter/src/widgets/framework.dart:7122:14)
#38     Element.updateChild (package:flutter/src/widgets/framework.dart:4037:15)
#39     ComponentElement.performRebuild (package:flutter/src/widgets/framework.dart:5841:16)
#40     StatefulElement.performRebuild (package:flutter/src/widgets/framework.dart:5982:11)
#41     Element.rebuild (package:flutter/src/widgets/framework.dart:5529:7)
#42     StatefulElement.update (package:flutter/src/widgets/framework.dart:6007:5)
#43     Element.updateChild (package:flutter/src/widgets/framework.dart:4037:15)
#44     SingleChildRenderObjectElement.update (package:flutter/src/widgets/framework.dart:7122:14)
#45     Element.updateChild (package:flutter/src/widgets/framework.dart:4037:15)
#46     SingleChildRenderObjectElement.update (package:flutter/src/widgets/framework.dart:7122:14)
#47     Element.updateChild (package:flutter/src/widgets/framework.dart:4037:15)
#48     ComponentElement.performRebuild (package:flutter/src/widgets/framework.dart:5841:16)
#49     StatefulElement.performRebuild (package:flutter/src/widgets/framework.dart:5982:11)
#50     Element.rebuild (package:flutter/src/widgets/framework.dart:5529:7)
#51     StatefulElement.update (package:flutter/src/widgets/framework.dart:6007:5)
#52     Element.updateChild (package:flutter/src/widgets/framework.dart:4037:15)
#53     SingleChildRenderObjectElement.update (package:flutter/src/widgets/framework.dart:7122:14)
#54     Element.updateChild (package:flutter/src/widgets/framework.dart:4037:15)
#55     SingleChildRenderObjectElement.update (package:flutter/src/widgets/framework.dart:7122:14)
#56     Element.updateChild (package:flutter/src/widgets/framework.dart:4037:15)
#57     SingleChildRenderObjectElement.update (package:flutter/src/widgets/framework.dart:7122:14)
#58     Element.updateChild (package:flutter/src/widgets/framework.dart:4037:15)
#59     ComponentElement.performRebuild (package:flutter/src/widgets/framework.dart:5841:16)
#60     StatefulElement.performRebuild (package:flutter/src/widgets/framework.dart:5982:11)
#61     Element.rebuild (package:flutter/src/widgets/framework.dart:5529:7)
#62     StatefulElement.update (package:flutter/src/widgets/framework.dart:6007:5)
#63     Element.updateChild (package:flutter/src/widgets/framework.dart:4037:15)
#64     SingleChildRenderObjectElement.update (package:flutter/src/widgets/framework.dart:7122:14)
#65     Element.updateChild (package:flutter/src/widgets/framework.dart:4037:15)
#66     ComponentElement.performRebuild (package:flutter/src/widgets/framework.dart:5841:16)
#67     StatefulElement.performRebuild (package:flutter/src/widgets/framework.dart:5982:11)
#68     Element.rebuild (package:flutter/src/widgets/framework.dart:5529:7)
#69     StatefulElement.update (package:flutter/src/widgets/framework.dart:6007:5)
#70     Element.updateChild (package:flutter/src/widgets/framework.dart:4037:15)
#71     ComponentElement.performRebuild (package:flutter/src/widgets/framework.dart:5841:16)
#72     Element.rebuild (package:flutter/src/widgets/framework.dart:5529:7)
#73     StatelessElement.update (package:flutter/src/widgets/framework.dart:5895:5)
#74     Element.updateChild (package:flutter/src/widgets/framework.dart:4037:15)
#75     ComponentElement.performRebuild (package:flutter/src/widgets/framework.dart:5841:16)
#76     StatefulElement.performRebuild (package:flutter/src/widgets/framework.dart:5982:11)
#77     Element.rebuild (package:flutter/src/widgets/framework.dart:5529:7)
#78     StatefulElement.update (package:flutter/src/widgets/framework.dart:6007:5)
#79     Element.updateChild (package:flutter/src/widgets/framework.dart:4037:15)
#80     ComponentElement.performRebuild (package:flutter/src/widgets/framework.dart:5841:16)
#81     StatefulElement.performRebuild (package:flutter/src/widgets/framework.dart:5982:11)
#82     Element.rebuild (package:flutter/src/widgets/framework.dart:5529:7)
#83     StatefulElement.update (package:flutter/src/widgets/framework.dart:6007:5)
#84     Element.updateChild (package:flutter/src/widgets/framework.dart:4037:15)
#85     ComponentElement.performRebuild (package:flutter/src/widgets/framework.dart:5841:16)
#86     StatefulElement.performRebuild (package:flutter/src/widgets/framework.dart:5982:11)
#87     Element.rebuild (package:flutter/src/widgets/framework.dart:5529:7)
#88     StatefulElement.update (package:flutter/src/widgets/framework.dart:6007:5)
#89     Element.updateChild (package:flutter/src/widgets/framework.dart:4037:15)
#90     SingleChildRenderObjectElement.update (package:flutter/src/widgets/framework.dart:7122:14)
#91     Element.updateChild (package:flutter/src/widgets/framework.dart:4037:15)
#92     ComponentElement.performRebuild (package:flutter/src/widgets/framework.dart:5841:16)
#93     Element.rebuild (package:flutter/src/widgets/framework.dart:5529:7)
#94     ProxyElement.update (package:flutter/src/widgets/framework.dart:6149:5)
#95     _InheritedNotifierElement.update (package:flutter/src/widgets/inherited_notifier.dart:108:11)
#96     Element.updateChild (package:flutter/src/widgets/framework.dart:4037:15)
#97     SingleChildRenderObjectElement.update (package:flutter/src/widgets/framework.dart:7122:14)
#98     Element.updateChild (package:flutter/src/widgets/framework.dart:4037:15)
#99     ComponentElement.performRebuild (package:flutter/src/widgets/framework.dart:5841:16)
#100    StatefulElement.performRebuild (package:flutter/src/widgets/framework.dart:5982:11)
#101    Element.rebuild (package:flutter/src/widgets/framework.dart:5529:7)
#102    StatefulElement.update (package:flutter/src/widgets/framework.dart:6007:5)
#103    Element.updateChild (package:flutter/src/widgets/framework.dart:4037:15)
#104    ComponentElement.performRebuild (package:flutter/src/widgets/framework.dart:5841:16)
#105    Element.rebuild (package:flutter/src/widgets/framework.dart:5529:7)
#106    ProxyElement.update (package:flutter/src/widgets/framework.dart:6149:5)
#107    Element.updateChild (package:flutter/src/widgets/framework.dart:4037:15)
#108    ComponentElement.performRebuild (package:flutter/src/widgets/framework.dart:5841:16)
#109    Element.rebuild (package:flutter/src/widgets/framework.dart:5529:7)
#110    ProxyElement.update (package:flutter/src/widgets/framework.dart:6149:5)
#111    Element.updateChild (package:flutter/src/widgets/framework.dart:4037:15)
#112    ComponentElement.performRebuild (package:flutter/src/widgets/framework.dart:5841:16)
#113    StatefulElement.performRebuild (package:flutter/src/widgets/framework.dart:5982:11)
#114    Element.rebuild (package:flutter/src/widgets/framework.dart:5529:7)
#115    StatefulElement.update (package:flutter/src/widgets/framework.dart:6007:5)
#116    Element.updateChild (package:flutter/src/widgets/framework.dart:4037:15)
#117    ComponentElement.performRebuild (package:flutter/src/widgets/framework.dart:5841:16)
#118    Element.rebuild (package:flutter/src/widgets/framework.dart:5529:7)
#119    StatelessElement.update (package:flutter/src/widgets/framework.dart:5895:5)
#120    Element.updateChild (package:flutter/src/widgets/framework.dart:4037:15)
#121    ComponentElement.performRebuild (package:flutter/src/widgets/framework.dart:5841:16)
#122    Element.rebuild (package:flutter/src/widgets/framework.dart:5529:7)
#123    StatelessElement.update (package:flutter/src/widgets/framework.dart:5895:5)
#124    Element.updateChild (package:flutter/src/widgets/framework.dart:4037:15)
#125    SingleChildRenderObjectElement.update (package:flutter/src/widgets/framework.dart:7122:14)
#126    Element.updateChild (package:flutter/src/widgets/framework.dart:4037:15)
#127    ComponentElement.performRebuild (package:flutter/src/widgets/framework.dart:5841:16)
#128    Element.rebuild (package:flutter/src/widgets/framework.dart:5529:7)
#129    ProxyElement.update (package:flutter/src/widgets/framework.dart:6149:5)
#130    Element.updateChild (package:flutter/src/widgets/framework.dart:4037:15)
#131    ComponentElement.performRebuild (package:flutter/src/widgets/framework.dart:5841:16)
#132    Element.rebuild (package:flutter/src/widgets/framework.dart:5529:7)
#133    ProxyElement.update (package:flutter/src/widgets/framework.dart:6149:5)
#134    Element.updateChild (package:flutter/src/widgets/framework.dart:4037:15)
#135    ComponentElement.performRebuild (package:flutter/src/widgets/framework.dart:5841:16)
#136    StatefulElement.performRebuild (package:flutter/src/widgets/framework.dart:5982:11)
#137    Element.rebuild (package:flutter/src/widgets/framework.dart:5529:7)
#138    StatefulElement.update (package:flutter/src/widgets/framework.dart:6007:5)
#139    Element.updateChild (package:flutter/src/widgets/framework.dart:4037:15)
#140    ComponentElement.performRebuild (package:flutter/src/widgets/framework.dart:5841:16)
#141    StatefulElement.performRebuild (package:flutter/src/widgets/framework.dart:5982:11)
#142    Element.rebuild (package:flutter/src/widgets/framework.dart:5529:7)
#143    StatefulElement.update (package:flutter/src/widgets/framework.dart:6007:5)
#144    Element.updateChild (package:flutter/src/widgets/framework.dart:4037:15)
#145    ComponentElement.performRebuild (package:flutter/src/widgets/framework.dart:5841:16)
#146    StatefulElement.performRebuild (package:flutter/src/widgets/framework.dart:5982:11)
#147    Element.rebuild (package:flutter/src/widgets/framework.dart:5529:7)
#148    BuildScope._tryRebuild (package:flutter/src/widgets/framework.dart:2750:15)
#149    BuildScope._flushDirtyElements (package:flutter/src/widgets/framework.dart:2807:11)
#150    BuildOwner.buildScope (package:flutter/src/widgets/framework.dart:3111:18)
#151    AutomatedTestWidgetsFlutterBinding.drawFrame (package:flutter_test/src/binding.dart:2431:19)
#152    RendererBinding._handlePersistentFrameCallback (package:flutter/src/rendering/binding.dart:509:5)
#153    SchedulerBinding._invokeFrameCallback (package:flutter/src/scheduler/binding.dart:1430:15)
#154    SchedulerBinding.handleDrawFrame (package:flutter/src/scheduler/binding.dart:1345:9)
#155    AutomatedTestWidgetsFlutterBinding.pump.<anonymous closure> (package:flutter_test/src/binding.dart:2260:9)
#158    TestAsyncUtils.guard (package:flutter_test/src/test_async_utils.dart:74:41)
#159    AutomatedTestWidgetsFlutterBinding.pump (package:flutter_test/src/binding.dart:2249:27)
#160    WidgetTester.pumpWidget.<anonymous closure> (package:flutter_test/src/widget_tester.dart:598:22)
#163    TestAsyncUtils.guard (package:flutter_test/src/test_async_utils.dart:74:41)
#164    WidgetTester.pumpWidget (package:flutter_test/src/widget_tester.dart:595:27)
#165    main.<anonymous closure> (file:///C:/Users/adrie/Documents/Coelo.worktrees/e2-r08-formularios-cuidado-rotina/apps/superadmin/test/features/attendance/attendance_pages_test.dart:23:20)
<asynchronous suspension>
#166    testWidgets.<anonymous closure>.<anonymous closure> (package:flutter_test/src/widget_tester.dart:192:15)
<asynchronous suspension>
#167    TestWidgetsFlutterBinding._runTestBody (package:flutter_test/src/binding.dart:1952:5)
<asynchronous suspension>
<asynchronous suspension>
(elided 5 frames from dart:async and package:stack_trace)

════════════════════════════════════════════════════════════════════════════════════════════════════
══╡ EXCEPTION CAUGHT BY FLUTTER TEST FRAMEWORK ╞════════════════════════════════════════════════════
The following TestFailure was thrown running a test:
Expected: exactly one matching candidate
  Actual: _TextWidgetFinder:<Found 0 widgets with text "Sua publicação": []>
   Which: means none were found but one was expected

When the exception was thrown, this was the stack:
#4      main.<anonymous closure> (file:///C:/Users/adrie/Documents/Coelo.worktrees/e2-r08-formularios-cuidado-rotina/apps/superadmin/test/features/attendance/attendance_pages_test.dart:35:7)
<asynchronous suspension>
#5      testWidgets.<anonymous closure>.<anonymous closure> (package:flutter_test/src/widget_tester.dart:192:15)
<asynchronous suspension>
#6      TestWidgetsFlutterBinding._runTestBody (package:flutter_test/src/binding.dart:1952:5)
<asynchronous suspension>
<asynchronous suspension>
(elided one frame from package:stack_trace)

This was caught by the test expectation on the following line:
  file:///C:/Users/adrie/Documents/Coelo.worktrees/e2-r08-formularios-cuidado-rotina/apps/superadmin/test/features/attendance/attendance_pages_test.dart line 35
The test description was:
  loaded call can change without reusing a disposed note controller
════════════════════════════════════════════════════════════════════════════════════════════════════
══╡ EXCEPTION CAUGHT BY FLUTTER TEST FRAMEWORK ╞════════════════════════════════════════════════════
The following message was thrown:
Multiple exceptions (2) were detected during the running of the current test, and at least one was
unexpected.
════════════════════════════════════════════════════════════════════════════════════════════════════
00:01 +0 -1: loaded call can change without reusing a disposed note controller [E]
  Test failed. See exception logs above.
  The test description was: loaded call can change without reusing a disposed note controller
  
00:01 +0 -1: Some tests failed.

Failing tests:
  C:/Users/adrie/Documents/Coelo.worktrees/e2-r08-formularios-cuidado-rotina/apps/superadmin/test/features/attendance/attendance_pages_test.dart: loaded call can change without reusing a disposed note controller
