[rtk] /!\ No hook installed — run `rtk init -g` for automatic token savings
Resolving dependencies...
Downloading packages...
  clock 1.1.2 (1.1.3 available)
  code_assets 1.2.1 (2.0.0 available)
  cross_file 0.3.5+4 (0.3.5+5 available)
  crypto 3.0.6 (3.0.7 available)
  dbus 0.7.13 (0.7.15 available)
  file_picker 10.3.10 (12.2.0 available)
  flutter_svg 2.2.3 (2.3.0 available)
  functions_client 2.6.4 (2.7.1 available)
  go_router 16.3.0 (18.0.1 available)
  gotrue 2.26.0 (2.27.2 available)
  hooks 2.0.2 (2.2.0 available)
  intl 0.20.2 (0.20.3 available)
  matcher 0.12.19 (0.12.20 available)
  material_color_utilities 0.13.0 (0.13.1 available)
  meta 1.18.0 (1.19.0 available)
  mime 2.0.0 (2.1.0 available)
  objective_c 9.5.0 (9.6.0 available)
  passkeys_platform_interface 2.8.0 (2.9.0 available)
  platform 3.1.6 (3.2.0 available)
  postgrest 2.8.0 (2.9.1 available)
  realtime_client 2.11.0 (2.13.0 available)
  record_use 0.6.0 (1.1.1 available)
  shared_preferences_android 2.4.27 (2.4.28 available)
  shared_preferences_foundation 2.5.6 (2.5.7 available)
  stack_trace 1.12.1 (1.12.2 available)
  storage_client 2.6.0 (2.8.0 available)
  supabase 2.14.0 (2.16.1 available)
  supabase_flutter 2.16.0 (2.17.2 available)
  test_api 0.7.11 (0.7.14 available)
  url_launcher_android 6.3.32 (6.3.33 available)
  url_launcher_ios 6.4.1 (6.4.2 available)
  url_launcher_linux 3.2.2 (3.2.3 available)
  url_launcher_macos 3.2.5 (3.2.6 available)
  url_launcher_windows 3.1.5 (3.1.6 available)
  vector_graphics 1.2.2 (1.2.3 available)
  vector_graphics_compiler 1.2.6 (1.3.0 available)
  vector_math 2.2.0 (2.4.2 available)
  vm_service 15.2.0 (15.3.0 available)
  win32 5.15.0 (6.4.0 available)
Got dependencies!
39 packages have newer versions incompatible with dependency constraints.
Try `flutter pub outdated` for more information.
00:00 +0: loading C:/Users/adrie/Documents/Coelo.worktrees/e2-r08-formularios-cuidado-rotina/apps/superadmin/test/features/forms/presentation/editor/forms_editor_context_isolation_test.dart
00:00 +0: production author autosaves after debounce using the management version
00:01 +1: production autosave preserves edits made while saving and sends the next version
00:01 +2: production autosave is cancelled when the editor context changes
00:01 +3: production autosave retries an uncertain result with the same command
00:02 +4: choice options add and remove preserve stable IDs through reload
00:02 +5: choice options enforce fifty and recheck retained add at capacity
00:03 +6: choice options protect complex references in another section
00:03 +7: choice options preserve min 2 max 50 without clamping
00:03 +8: choice options preserve min 3 max 50 without clamping
00:03 +9: choice options removal clears only its transient branch selection
00:04 +10: choice options retained callbacks ignore a replacement editor
00:04 +11: choice options retained delete cannot remove a different option
00:04 +12: yes-no false branch creates both booleans and preserves them after reload
00:05 +13: yes-no false branch retains boolean and source after toggle
00:05 +14: yes-no false branch retains boolean and source after duplicate-parent
00:05 +15: yes-no false branch retains boolean and source after duplicate-section
00:06 +16: yes-no false branch retains boolean and source after reorder-parent
00:06 +17: yes-no false branch retained callbacks ignore obsolete context dispose=false
00:06 +18: yes-no false branch retained callbacks ignore obsolete context dispose=true
00:06 +19: choice branch explicit trigger survives save and reload FormItemKind.singleChoice
00:07 +20: choice branch explicit trigger survives save and reload FormItemKind.multipleChoice
00:07 +21: choice branch retains opaque triggers after toggle
00:07 +22: choice branch retains opaque triggers after reorder-options
00:08 +23: choice branch retains opaque triggers after duplicate-parent
00:08 +24: choice branch retains opaque triggers after duplicate-section
00:09 +25: choice branch retains opaque triggers after next-trigger
00:09 +26: choice branch retained add cannot run after its trigger is cleared
00:09 +27: choice branch rejects cycle without destructive hydration
00:09 +28: choice branch rejects unknown-option without destructive hydration
00:09 +29: choice branch rejects unknown-source without destructive hydration
00:10 +30: choice branch mixed hierarchy remains editable at 375 and 200 percent text
00:10 +31: choice branch depth 4 keeps backend-independent client validation
00:10 +32: choice branch depth 5 keeps backend-independent client validation
00:10 +33: yes-no branch creation survives a new editor load and second save
00:10 +34: yes-no branch cyclic loaded graph stays rejected without recursive UI failure
00:11 +35: yes-no branch loaded children remain present in preview
00:11 +36: yes-no branch deep hierarchy remains editable at 375 pixels with 200 percent text
00:11 +37: yes-no branch retains child and condition after save
00:11 +38: yes-no branch retains child and condition after hide
00:11 +39: yes-no branch retains child and condition after duplicate-parent
00:12 +40: yes-no branch retains child and condition after duplicate-section
00:12 +41: yes-no branch retains child and condition after reorder-parent
00:12 +42: yes-no branch reload preserves hierarchy, order and editable child
00:12 +43: yes-no branch preserves noncontiguous loaded order sourceAfter=false
00:13 +44: yes-no branch preserves noncontiguous loaded order sourceAfter=true
00:13 +45: yes-no branch deleting and adding children retains distinct stable IDs
00:13 +46: yes-no branch nested copy remaps the complete subtree and keeps descendant editable
00:14 +47: incomplete quick poll missing-intent saves draft but cannot publish
00:14 +48: incomplete quick poll blank-intent saves draft but cannot publish
00:14 +49: incomplete quick poll long-intent saves draft but cannot publish
00:14 +50: incomplete quick poll no-question saves draft but cannot publish
00:14 +51: incomplete quick poll information saves draft but cannot publish
00:14 +52: incomplete quick poll two-questions saves draft but cannot publish
00:15 +53: incomplete quick poll still rejects empty-title on draft save
00:15 +54: incomplete quick poll still rejects invalid-condition on draft save
00:15 +55: loaded metadata survives FormKind.form title edit discard=false
00:15 +56: loaded metadata survives FormKind.form title edit discard=true
00:15 +57: loaded metadata survives FormKind.quickPoll title edit discard=false
00:15 +58: loaded metadata survives FormKind.quickPoll title edit discard=true
00:15 +59: incomplete quick poll rejected by API retains edits and confirmed discard baseline
00:16 +60: complete quick poll retains publish confirmation
00:16 +61: loaded FormItemKind.scale noneditable configuration survives title edit
00:16 +62: loaded FormItemKind.decimal noneditable configuration survives title edit
00:16 +63: loaded FormItemKind.money noneditable configuration survives title edit
00:16 +64: loaded branching survives title
00:16 +65: loaded branching survives discard
00:17 +66: loaded branching survives reorder
00:17 +67: loaded branching survives duplicate-question
00:17 +68: loaded branching survives duplicate-section
00:17 +69: loaded branching survives reorder-duplicate-section
00:17 +70: loaded branching survives duplicate-dependent
00:18 +71: FormItemKind.photo duplication preserves loaded image settings
00:18 +72: FormItemKind.photo image settings survive title edit and discard=false
00:18 +73: FormItemKind.photo image settings survive title edit and discard=true
00:18 +74: FormItemKind.gallery duplication preserves loaded image settings
00:18 +75: FormItemKind.gallery image settings survive title edit and discard=false
00:18 +76: FormItemKind.gallery image settings survive title edit and discard=true
00:19 +77: production discard confirmation describes the confirmed baseline
00:19 +78: production discard restores removed questions and clears local context
00:19 +79: production discard restores the latest publication receipt
00:19 +80: production discard restores the authorized loaded definition
00:19 +81: production discard keeps edits when confirmation is cancelled
00:20 +82: production discard restores the latest successful save receipt
00:20 +83: discarding a new form before autosave restores its neutral authorized draft
00:20 +84: failed save does not replace the production discard baseline
00:20 +85: owned editor dialog preserves the theme below its navigator
00:20 +86: context replacement removes only editor overlays and preserves an external route
00:20 +87: disposing the editor removes its own open dialog
00:20 +88: an obsolete save cannot release the next editor save
00:21 +89: publication confirmed in an old context cannot publish the replacement form
00:21 +90: old publication receipt cannot replace the new editor definition
00:21 +91: old catalog callback cannot mutate the replacement editor
00:21 +92: context replacement dismisses its preview route before its first build
00:22 +93: context replacement dismisses its catalog route before its first build
00:22 +94: context replacement dismisses its delete-section route before its first build
00:22 +95: context replacement dismisses its delete-question route before its first build
00:22 +96: context replacement dismisses its move route before its first build
00:22 +97: context replacement dismisses its publish route before its first build
00:22 +98: context replacement dismisses its cancel route before its first build
00:23 +99: stale editor save receipt cannot alter the current form
00:23 +100: stale editor save error cannot alter the current form
00:23 +101: API replacement clears prior editor data and capabilities immediately
00:23 +102: form ID replacement loads the new definition through the same API
00:23 +103: unchanged editor identity preserves unsaved edits without refetching
00:24 +104: obsolete editor context cannot fetch a form after replacement
00:24 +105: obsolete editor context cannot fetch a form after dispose
00:24 +106: production authoring saves money limits in minor units
00:24 +107: production authoring refuses an inverted numeric range
00:24 +108: production authoring declares the short text maximum length
00:24 +109: publishing after failed initial autosave explains that a saved draft is required
00:24 +110: a form saved first can then be published
00:24 +111: a publication refused by capability says so instead of doing nothing
00:25 +112: All tests passed!
