[rtk] /!\ No hook installed — run `rtk init -g` for automatic token savings
Resolving dependencies...
Downloading packages...
  clock 1.1.2 (1.1.3 available)
  code_assets 1.2.1 (2.0.0 available)
  cross_file 0.3.5+4 (0.3.5+5 available)
  crypto 3.0.6 (3.0.7 available)
  dbus 0.7.13 (0.7.15 available)
  file_picker 10.3.10 (12.2.0 available)
  flutter_svg 2.2.3 (2.3.0 available)
  functions_client 2.6.4 (2.7.1 available)
  go_router 16.3.0 (18.0.1 available)
  gotrue 2.26.0 (2.27.2 available)
  hooks 2.0.2 (2.2.0 available)
  intl 0.20.2 (0.20.3 available)
  matcher 0.12.19 (0.12.20 available)
  material_color_utilities 0.13.0 (0.13.1 available)
  meta 1.18.0 (1.19.0 available)
  mime 2.0.0 (2.1.0 available)
  objective_c 9.5.0 (9.6.0 available)
  passkeys_platform_interface 2.8.0 (2.9.0 available)
  platform 3.1.6 (3.2.0 available)
  postgrest 2.8.0 (2.9.1 available)
  realtime_client 2.11.0 (2.13.0 available)
  record_use 0.6.0 (1.1.1 available)
  shared_preferences_android 2.4.27 (2.4.28 available)
  shared_preferences_foundation 2.5.6 (2.5.7 available)
  stack_trace 1.12.1 (1.12.2 available)
  storage_client 2.6.0 (2.8.0 available)
  supabase 2.14.0 (2.16.1 available)
  supabase_flutter 2.16.0 (2.17.2 available)
  test_api 0.7.11 (0.7.14 available)
  url_launcher_android 6.3.32 (6.3.33 available)
  url_launcher_ios 6.4.1 (6.4.2 available)
  url_launcher_linux 3.2.2 (3.2.3 available)
  url_launcher_macos 3.2.5 (3.2.6 available)
  url_launcher_windows 3.1.5 (3.1.6 available)
  vector_graphics 1.2.2 (1.2.3 available)
  vector_graphics_compiler 1.2.6 (1.3.0 available)
  vector_math 2.2.0 (2.4.2 available)
  vm_service 15.2.0 (15.3.0 available)
  win32 5.15.0 (6.4.0 available)
Got dependencies!
39 packages have newer versions incompatible with dependency constraints.
Try `flutter pub outdated` for more information.
00:00 +0: loading C:/Users/adrie/Documents/Coelo.worktrees/e2-r08-formularios-cuidado-rotina/apps/superadmin/test/shared/presentation/widgets/superadmin_form_frame_test.dart
00:00 +0: C:/Users/adrie/Documents/Coelo.worktrees/e2-r08-formularios-cuidado-rotina/apps/superadmin/test/shared/presentation/widgets/superadmin_form_frame_test.dart: short viewport keeps body and every footer action reachable
00:00 +1: C:/Users/adrie/Documents/Coelo.worktrees/e2-r08-formularios-cuidado-rotina/apps/superadmin/test/shared/presentation/widgets/superadmin_form_frame_test.dart: keeps a 248 px rail from the 600 px breakpoint with the canonical gap
00:00 +2: C:/Users/adrie/Documents/Coelo.worktrees/e2-r08-formularios-cuidado-rotina/apps/superadmin/test/shared/presentation/widgets/superadmin_form_frame_test.dart: uses the compact summary below 600 without reserving a rail
00:00 +3: C:/Users/adrie/Documents/Coelo.worktrees/e2-r08-formularios-cuidado-rotina/apps/superadmin/test/shared/presentation/widgets/superadmin_form_frame_test.dart: centers editable content at a maximum width of 880
00:00 +4: C:/Users/adrie/Documents/Coelo.worktrees/e2-r08-formularios-cuidado-rotina/apps/superadmin/test/shared/presentation/widgets/superadmin_form_frame_test.dart: uses local constraints instead of the external viewport
00:00 +5: loading C:/Users/adrie/Documents/Coelo.worktrees/e2-r08-formularios-cuidado-rotina/apps/superadmin/test/features/attendance/attendance_pages_test.dart
00:01 +5: C:/Users/adrie/Documents/Coelo.worktrees/e2-r08-formularios-cuidado-rotina/apps/superadmin/test/features/attendance/attendance_pages_test.dart: dashboard exports are informative only at 375.0px
00:02 +6: C:/Users/adrie/Documents/Coelo.worktrees/e2-r08-formularios-cuidado-rotina/apps/superadmin/test/features/attendance/attendance_pages_test.dart: dashboard exports are informative only at 768.0px
00:03 +7: C:/Users/adrie/Documents/Coelo.worktrees/e2-r08-formularios-cuidado-rotina/apps/superadmin/test/features/attendance/attendance_pages_test.dart: dashboard exports are informative only at 1024.0px
00:03 +8: C:/Users/adrie/Documents/Coelo.worktrees/e2-r08-formularios-cuidado-rotina/apps/superadmin/test/features/attendance/attendance_pages_test.dart: dashboard exports are informative only at 1440.0px
00:03 +9: C:/Users/adrie/Documents/Coelo.worktrees/e2-r08-formularios-cuidado-rotina/apps/superadmin/test/features/attendance/attendance_pages_test.dart: new call uses the canonical single-date picker and restores keyboard focus
00:04 +10: C:/Users/adrie/Documents/Coelo.worktrees/e2-r08-formularios-cuidado-rotina/apps/superadmin/test/features/attendance/attendance_pages_test.dart: new call starts in the context step with canonical form controls
00:04 +11: C:/Users/adrie/Documents/Coelo.worktrees/e2-r08-formularios-cuidado-rotina/apps/superadmin/test/features/attendance/attendance_pages_test.dart: new call opens Chamada directly from the step navigation
00:04 +12: C:/Users/adrie/Documents/Coelo.worktrees/e2-r08-formularios-cuidado-rotina/apps/superadmin/test/features/attendance/attendance_pages_test.dart: new call prevents duplicate submission and ignores completion after dispose
00:04 +13: C:/Users/adrie/Documents/Coelo.worktrees/e2-r08-formularios-cuidado-rotina/apps/superadmin/test/features/attendance/attendance_pages_test.dart: new call locks its context while submission is in flight
00:05 +14: C:/Users/adrie/Documents/Coelo.worktrees/e2-r08-formularios-cuidado-rotina/apps/superadmin/test/features/attendance/attendance_pages_test.dart: new call ignores completion from repository A after a swap to B
00:05 +15: C:/Users/adrie/Documents/Coelo.worktrees/e2-r08-formularios-cuidado-rotina/apps/superadmin/test/features/attendance/attendance_pages_test.dart: new call keeps the form and exposes retryable command failure
00:05 +16: C:/Users/adrie/Documents/Coelo.worktrees/e2-r08-formularios-cuidado-rotina/apps/superadmin/test/features/attendance/attendance_pages_test.dart: new call rejects a created call outside the submitted context
00:05 +17: C:/Users/adrie/Documents/Coelo.worktrees/e2-r08-formularios-cuidado-rotina/apps/superadmin/test/features/attendance/attendance_pages_test.dart: new call accepts a prefilled activity context
00:05 +18: C:/Users/adrie/Documents/Coelo.worktrees/e2-r08-formularios-cuidado-rotina/apps/superadmin/test/features/attendance/attendance_pages_test.dart: new call ignores context options returned for an older date
00:05 +19: C:/Users/adrie/Documents/Coelo.worktrees/e2-r08-formularios-cuidado-rotina/apps/superadmin/test/features/attendance/attendance_pages_test.dart: new call adapts without overflow at Coelo breakpoints and 200 percent text
00:05 +20: C:/Users/adrie/Documents/Coelo.worktrees/e2-r08-formularios-cuidado-rotina/apps/superadmin/test/features/attendance/attendance_pages_test.dart: attendance landing renders the authorized analytical dashboard
00:05 +21: C:/Users/adrie/Documents/Coelo.worktrees/e2-r08-formularios-cuidado-rotina/apps/superadmin/test/features/attendance/attendance_pages_test.dart: dashboard uses the supplied civil date for its period and picker limit
00:06 +22: C:/Users/adrie/Documents/Coelo.worktrees/e2-r08-formularios-cuidado-rotina/apps/superadmin/test/features/attendance/attendance_pages_test.dart: dashboard replaces its repository without retaining the previous context
00:06 +23: C:/Users/adrie/Documents/Coelo.worktrees/e2-r08-formularios-cuidado-rotina/apps/superadmin/test/features/attendance/attendance_pages_test.dart: repository swap clears the search text from the previous context
00:06 +24: C:/Users/adrie/Documents/Coelo.worktrees/e2-r08-formularios-cuidado-rotina/apps/superadmin/test/features/attendance/attendance_pages_test.dart: read-only administrator has no write action
00:06 +25: C:/Users/adrie/Documents/Coelo.worktrees/e2-r08-formularios-cuidado-rotina/apps/superadmin/test/features/attendance/attendance_pages_test.dart: dashboard has no overflow at the four required widths
00:06 +26: C:/Users/adrie/Documents/Coelo.worktrees/e2-r08-formularios-cuidado-rotina/apps/superadmin/test/features/attendance/attendance_pages_test.dart: ranking overlay uses the Coelo shell and restores keyboard focus on Esc
00:07 +27: C:/Users/adrie/Documents/Coelo.worktrees/e2-r08-formularios-cuidado-rotina/apps/superadmin/test/features/attendance/attendance_pages_test.dart: only authorized calls expose an accessible open action
00:07 +28: C:/Users/adrie/Documents/Coelo.worktrees/e2-r08-formularios-cuidado-rotina/apps/superadmin/test/features/attendance/attendance_pages_test.dart: failed refresh keeps snapshot with a live retry banner
00:07 +29: C:/Users/adrie/Documents/Coelo.worktrees/e2-r08-formularios-cuidado-rotina/apps/superadmin/test/features/attendance/attendance_pages_test.dart: call page marks remaining and then completes
00:07 +30: C:/Users/adrie/Documents/Coelo.worktrees/e2-r08-formularios-cuidado-rotina/apps/superadmin/test/features/attendance/attendance_pages_test.dart: call loading failure and not found remain inside the shell with retry
00:07 +31: C:/Users/adrie/Documents/Coelo.worktrees/e2-r08-formularios-cuidado-rotina/apps/superadmin/test/features/attendance/attendance_pages_test.dart: call page rejects detail bound to another call id
00:07 +32: C:/Users/adrie/Documents/Coelo.worktrees/e2-r08-formularios-cuidado-rotina/apps/superadmin/test/features/attendance/attendance_pages_test.dart: call route reloads when the call id changes in place
00:08 +33: C:/Users/adrie/Documents/Coelo.worktrees/e2-r08-formularios-cuidado-rotina/apps/superadmin/test/features/attendance/attendance_pages_test.dart: completed empty call does not expose participant correction
00:08 +34: C:/Users/adrie/Documents/Coelo.worktrees/e2-r08-formularios-cuidado-rotina/apps/superadmin/test/features/attendance/attendance_pages_test.dart: command failure preserves the call snapshot and reloads safely
00:08 +35: C:/Users/adrie/Documents/Coelo.worktrees/e2-r08-formularios-cuidado-rotina/apps/superadmin/test/features/attendance/attendance_pages_test.dart: one in-flight command disables every mutation and prevents duplicate bulk
00:08 +36: C:/Users/adrie/Documents/Coelo.worktrees/e2-r08-formularios-cuidado-rotina/apps/superadmin/test/features/attendance/attendance_pages_test.dart: completion stays disabled while its command is in flight
00:08 +37: C:/Users/adrie/Documents/Coelo.worktrees/e2-r08-formularios-cuidado-rotina/apps/superadmin/test/features/attendance/attendance_pages_test.dart: bulk failure keeps snapshot and reload never clears manual marks
00:09 +38: C:/Users/adrie/Documents/Coelo.worktrees/e2-r08-formularios-cuidado-rotina/apps/superadmin/test/features/attendance/attendance_pages_test.dart: dashboard uses one KPI column at 200 percent and describes both series
00:09 +39: C:/Users/adrie/Documents/Coelo.worktrees/e2-r08-formularios-cuidado-rotina/apps/superadmin/test/features/attendance/attendance_pages_test.dart: call page saves each participant explicitly and keeps feelings local
00:10 +40: C:/Users/adrie/Documents/Coelo.worktrees/e2-r08-formularios-cuidado-rotina/apps/superadmin/test/features/attendance/attendance_pages_test.dart: Falta and Atraso status labels use their semantic color families
00:10 +41: C:/Users/adrie/Documents/Coelo.worktrees/e2-r08-formularios-cuidado-rotina/apps/superadmin/test/features/attendance/attendance_pages_test.dart: Atraso action uses warning colors at rest hover and focus
00:10 +42: C:/Users/adrie/Documents/Coelo.worktrees/e2-r08-formularios-cuidado-rotina/apps/superadmin/test/features/attendance/attendance_pages_test.dart: assigned teacher operates the canonical call flow
00:10 +43: C:/Users/adrie/Documents/Coelo.worktrees/e2-r08-formularios-cuidado-rotina/apps/superadmin/test/features/attendance/attendance_pages_test.dart: call page ignores an older call response after an A to B swap
00:10 +44: C:/Users/adrie/Documents/Coelo.worktrees/e2-r08-formularios-cuidado-rotina/apps/superadmin/test/features/attendance/attendance_pages_test.dart: call page ignores an older command response after an A to B swap
00:10 +45: C:/Users/adrie/Documents/Coelo.worktrees/e2-r08-formularios-cuidado-rotina/apps/superadmin/test/features/attendance/attendance_pages_test.dart: call page rejects a command response bound to another call
00:10 +46: C:/Users/adrie/Documents/Coelo.worktrees/e2-r08-formularios-cuidado-rotina/apps/superadmin/test/features/attendance/attendance_pages_test.dart: correction dialog does not write through a replacement repository
00:11 +47: C:/Users/adrie/Documents/Coelo.worktrees/e2-r08-formularios-cuidado-rotina/apps/superadmin/test/features/attendance/attendance_pages_test.dart: correction dialog does not use a removed call page context
00:11 +48: C:/Users/adrie/Documents/Coelo.worktrees/e2-r08-formularios-cuidado-rotina/apps/superadmin/test/features/attendance/attendance_pages_test.dart: failed correction keeps its draft open and retries successfully
00:11 +49: C:/Users/adrie/Documents/Coelo.worktrees/e2-r08-formularios-cuidado-rotina/apps/superadmin/test/features/attendance/attendance_pages_test.dart: correction requires a reason and preserves the draft
00:11 +50: C:/Users/adrie/Documents/Coelo.worktrees/e2-r08-formularios-cuidado-rotina/apps/superadmin/test/features/attendance/attendance_pages_test.dart: correction applies to the participant selected in the dialog
00:12 +51: C:/Users/adrie/Documents/Coelo.worktrees/e2-r08-formularios-cuidado-rotina/apps/superadmin/test/features/attendance/attendance_pages_test.dart: correction fields stay locked while the command is in flight
00:12 +52: C:/Users/adrie/Documents/Coelo.worktrees/e2-r08-formularios-cuidado-rotina/apps/superadmin/test/features/attendance/attendance_pages_test.dart: participant list preserves Coelo radius and clipping
00:12 +53: C:/Users/adrie/Documents/Coelo.worktrees/e2-r08-formularios-cuidado-rotina/apps/superadmin/test/features/attendance/attendance_pages_test.dart: call flow adapts at Coelo breakpoints without overflow
00:12 +54: C:/Users/adrie/Documents/Coelo.worktrees/e2-r08-formularios-cuidado-rotina/apps/superadmin/test/features/attendance/attendance_pages_test.dart: compact call footer remains reachable at text 200 Brightness.dark
00:12 +55: C:/Users/adrie/Documents/Coelo.worktrees/e2-r08-formularios-cuidado-rotina/apps/superadmin/test/features/attendance/attendance_pages_test.dart: compact call footer remains reachable at text 200 Brightness.light
00:12 +56: C:/Users/adrie/Documents/Coelo.worktrees/e2-r08-formularios-cuidado-rotina/apps/superadmin/test/features/attendance/attendance_pages_test.dart: call page expands the first pending routine supplied by the UI seam
00:12 +57: All tests passed!
