[rtk] /!\ No hook installed — run `rtk init -g` for automatic token savings
Resolving dependencies...
Downloading packages...
  clock 1.1.2 (1.1.3 available)
  code_assets 1.2.1 (2.0.0 available)
  cross_file 0.3.5+4 (0.3.5+5 available)
  crypto 3.0.6 (3.0.7 available)
  dbus 0.7.13 (0.7.15 available)
  file_picker 10.3.10 (12.2.0 available)
  flutter_svg 2.2.3 (2.3.0 available)
  functions_client 2.6.4 (2.7.1 available)
  go_router 16.3.0 (18.0.1 available)
  gotrue 2.26.0 (2.27.2 available)
  hooks 2.0.2 (2.2.0 available)
  intl 0.20.2 (0.20.3 available)
  matcher 0.12.19 (0.12.20 available)
  material_color_utilities 0.13.0 (0.13.1 available)
  meta 1.18.0 (1.19.0 available)
  mime 2.0.0 (2.1.0 available)
  objective_c 9.5.0 (9.6.0 available)
  passkeys_platform_interface 2.8.0 (2.9.0 available)
  platform 3.1.6 (3.2.0 available)
  postgrest 2.8.0 (2.9.1 available)
  realtime_client 2.11.0 (2.13.0 available)
  record_use 0.6.0 (1.1.1 available)
  shared_preferences_android 2.4.27 (2.4.28 available)
  shared_preferences_foundation 2.5.6 (2.5.7 available)
  stack_trace 1.12.1 (1.12.2 available)
  storage_client 2.6.0 (2.8.0 available)
  supabase 2.14.0 (2.16.1 available)
  supabase_flutter 2.16.0 (2.17.2 available)
  test_api 0.7.11 (0.7.14 available)
  url_launcher_android 6.3.32 (6.3.33 available)
  url_launcher_ios 6.4.1 (6.4.2 available)
  url_launcher_linux 3.2.2 (3.2.3 available)
  url_launcher_macos 3.2.5 (3.2.6 available)
  url_launcher_windows 3.1.5 (3.1.6 available)
  vector_graphics 1.2.2 (1.2.3 available)
  vector_graphics_compiler 1.2.6 (1.3.0 available)
  vector_math 2.2.0 (2.4.2 available)
  vm_service 15.2.0 (15.3.0 available)
  win32 5.15.0 (6.4.0 available)
Got dependencies!
39 packages have newer versions incompatible with dependency constraints.
Try `flutter pub outdated` for more information.
00:00 +0: loading C:/Users/adrie/Documents/Coelo.worktrees/e2-r08-formularios-cuidado-rotina/apps/superadmin/test/features/health_care/presentation/medication_plan_ui_contract_test.dart
00:00 +0: medication date uses the Coelo picker at 375 pixels and 200 percent text
00:01 +1: All tests passed!
