[rtk] /!\ No hook installed — run `rtk init -g` for automatic token savings
Resolving dependencies...
Downloading packages...
  clock 1.1.2 (1.1.3 available)
  code_assets 1.2.1 (2.0.0 available)
  cross_file 0.3.5+4 (0.3.5+5 available)
  crypto 3.0.6 (3.0.7 available)
  dbus 0.7.13 (0.7.15 available)
  file_picker 10.3.10 (12.2.0 available)
  flutter_svg 2.2.3 (2.3.0 available)
  functions_client 2.6.4 (2.7.1 available)
  go_router 16.3.0 (18.0.1 available)
  gotrue 2.26.0 (2.27.2 available)
  hooks 2.0.2 (2.2.0 available)
  intl 0.20.2 (0.20.3 available)
  matcher 0.12.19 (0.12.20 available)
  material_color_utilities 0.13.0 (0.13.1 available)
  meta 1.18.0 (1.19.0 available)
  mime 2.0.0 (2.1.0 available)
  objective_c 9.5.0 (9.6.0 available)
  passkeys_platform_interface 2.8.0 (2.9.0 available)
  platform 3.1.6 (3.2.0 available)
  postgrest 2.8.0 (2.9.1 available)
  realtime_client 2.11.0 (2.13.0 available)
  record_use 0.6.0 (1.1.1 available)
  shared_preferences_android 2.4.27 (2.4.28 available)
  shared_preferences_foundation 2.5.6 (2.5.7 available)
  stack_trace 1.12.1 (1.12.2 available)
  storage_client 2.6.0 (2.8.0 available)
  supabase 2.14.0 (2.16.1 available)
  supabase_flutter 2.16.0 (2.17.2 available)
  test_api 0.7.11 (0.7.14 available)
  url_launcher_android 6.3.32 (6.3.33 available)
  url_launcher_ios 6.4.1 (6.4.2 available)
  url_launcher_linux 3.2.2 (3.2.3 available)
  url_launcher_macos 3.2.5 (3.2.6 available)
  url_launcher_windows 3.1.5 (3.1.6 available)
  vector_graphics 1.2.2 (1.2.3 available)
  vector_graphics_compiler 1.2.6 (1.3.0 available)
  vector_math 2.2.0 (2.4.2 available)
  vm_service 15.2.0 (15.3.0 available)
  win32 5.15.0 (6.4.0 available)
Got dependencies!
39 packages have newer versions incompatible with dependency constraints.
Try `flutter pub outdated` for more information.
00:00 +0: loading C:/Users/adrie/Documents/Coelo.worktrees/e2-r08-formularios-cuidado-rotina/apps/superadmin/test/features/health_care/presentation/medication_plan_ui_contract_test.dart
00:00 +0: medication date uses the Coelo picker at 375 pixels and 200 percent text

Warning: A call to tap() with finder "Found 1 widget with text "Selecionar data" (ignoring all but first): [
  Text("Selecionar data", dependencies: [DefaultSelectionStyle, DefaultTextStyle, MediaQuery, _ScrollableScope]),
]" derived an Offset (Offset(203.5, 621.0)) that would not hit test on the specified widget.
Maybe the widget is actually off-screen, or another widget is obscuring it, or the widget cannot receive pointer events.
The finder corresponds to this RenderBox: RenderParagraph#84dd5 relayoutBoundary=up24
The hit test result at that offset is: HitTestResult(HitTestEntry<HitTestTarget>#61b0b(TextSpan(inherit: true, color: Color(alpha: 1.0000, red: 1.0000, green: 1.0000, blue: 1.0000, colorSpace: ColorSpace.sRGB), family: Nunito Sans, size: 14.0, weight: 700, letterSpacing: 0.0, height: 1.4x, "Continuar")), RenderParagraph#52113@Offset(142.0, 15.0), RenderPositionedBox#83e11@Offset(158.5, 15.0), RenderPadding#2b52e@Offset(174.5, 27.0), RenderPointerListener#f9ed1@Offset(174.5, 27.0), RenderSemanticsAnnotations#aa8b6@Offset(174.5, 27.0), RenderMouseRegion#17b5a@Offset(174.5, 27.0), RenderSemanticsAnnotations#88867@Offset(174.5, 27.0), _RenderInkFeatures#9bbfd@Offset(174.5, 27.0), RenderCustomPaint#fec95@Offset(174.5, 27.0), RenderPhysicalShape#049ea@Offset(174.5, 27.0), RenderConstrainedBox#9f974@Offset(174.5, 27.0), _RenderInputPadding#45729@Offset(174.5, 27.0), RenderSemanticsAnnotations#bb484@Offset(174.5, 27.0), RenderConstrainedBox#0a3d4@Offset(174.5, 27.0), RenderFlex#82f55@Offset(174.5, 27.0), _RenderLayoutBuilder#bfd6f@Offset(174.5, 27.0), RenderPadding#3d4d9@Offset(174.5, 27.0), RenderPadding#d1ab1@Offset(187.5, 40.0), RenderDecoratedBox#d185b@Offset(187.5, 40.0), RenderBackdropFilter#a74e0@Offset(187.5, 40.0), RenderClipRRect#2d89b@Offset(187.5, 40.0), RenderFlex#769c7@Offset(187.5, 40.0), RenderFlex#a2703@Offset(187.5, 40.0), RenderPadding#d7d3d@Offset(203.5, 56.0), _RenderLayoutBuilder#4e4f4@Offset(203.5, 56.0), _RenderLayoutBuilder#efd02@Offset(203.5, 56.0), RenderFlex#1d0cc@Offset(203.5, 557.0), RenderStack#513db@Offset(203.5, 557.0), RenderCustomMultiChildLayoutBox#084aa@Offset(203.5, 621.0), _RenderInkFeatures#d541b@Offset(203.5, 621.0), RenderPhysicalModel#04c7d@Offset(203.5, 621.0), _RenderLayoutBuilder#b196f@Offset(203.5, 621.0), _RenderLayoutBuilder#534f0@Offset(203.5, 621.0), RenderSemanticsAnnotations#b1b13@Offset(203.5, 621.0), RenderRepaintBoundary#3c528@Offset(203.5, 621.0), RenderIgnorePointer#16d50@Offset(203.5, 621.0), RenderAnimatedOpacity#9e2f0@Offset(203.5, 621.0), RenderAnimatedOpacity#9b71d@Offset(203.5, 621.0), _RenderColoredBox#3c0dd@Offset(203.5, 621.0), RenderAnimatedOpacity#931eb@Offset(203.5, 621.0), RenderIgnorePointer#da8f5@Offset(203.5, 621.0), RenderAnimatedOpacity#63ed3@Offset(203.5, 621.0), RenderRepaintBoundary#87a49@Offset(203.5, 621.0), RenderSemanticsAnnotations#1ee9b@Offset(203.5, 621.0), RenderOffstage#9d95b@Offset(203.5, 621.0), RenderSemanticsAnnotations#8ad12@Offset(203.5, 621.0), _RenderTheater#66af8@Offset(203.5, 621.0), RenderAbsorbPointer#52dbb@Offset(203.5, 621.0), RenderPointerListener#712fd@Offset(203.5, 621.0), RenderSemanticsAnnotations#21146@Offset(203.5, 621.0), RenderCustomPaint#14ae6@Offset(203.5, 621.0), RenderSemanticsAnnotations#887b8@Offset(203.5, 621.0), RenderSemanticsAnnotations#fa1e4@Offset(203.5, 621.0), RenderSemanticsAnnotations#a1bd2@Offset(203.5, 621.0), RenderTapRegionSurface#d40f5@Offset(203.5, 621.0), RenderSemanticsAnnotations#e2d94@Offset(203.5, 621.0), RenderSemanticsAnnotations#0df2b@Offset(203.5, 621.0), HitTestEntry<HitTestTarget>#0578c(_ReusableRenderView#8dcca), HitTestEntry<HitTestTarget>#861ed(<AutomatedTestWidgetsFlutterBinding>))
#0      WidgetController._getElementPoint (package:flutter_test/src/controller.dart:2165:25)
#1      WidgetController.getCenter (package:flutter_test/src/controller.dart:1947:12)
#2      WidgetController.tap (package:flutter_test/src/controller.dart:1080:7)
#3      main.<anonymous closure> (file:///C:/Users/adrie/Documents/Coelo.worktrees/e2-r08-formularios-cuidado-rotina/apps/superadmin/test/features/health_care/presentation/medication_plan_ui_contract_test.dart:648:18)
<asynchronous suspension>
#4      testWidgets.<anonymous closure>.<anonymous closure> (package:flutter_test/src/widget_tester.dart:192:15)
<asynchronous suspension>
#5      TestWidgetsFlutterBinding._runTestBody (package:flutter_test/src/binding.dart:1952:5)
<asynchronous suspension>
#6      StackZoneSpecification._registerCallback.<anonymous closure> (package:stack_trace/src/stack_zone_specification.dart:114:42)
<asynchronous suspension>
To silence this warning, pass "warnIfMissed: false" to "tap()".
To make this warning fatal, set WidgetController.hitTestWarningShouldBeFatal to true.

══╡ EXCEPTION CAUGHT BY RENDERING LIBRARY ╞═════════════════════════════════════════════════════════
The following assertion was thrown during layout:
A RenderFlex overflowed by 23 pixels on the bottom.

The relevant error-causing widget was:
  Column
  Column:file:///C:/Users/adrie/Documents/Coelo.worktrees/e2-r08-formularios-cuidado-rotina/apps/superadmin/lib/shared/presentation/widgets/superadmin_form_frame.dart:37:18

The overflowing RenderFlex has an orientation of Axis.vertical.
The edge of the RenderFlex that is overflowing has been marked in the rendering with a yellow and
black striped pattern. This is usually caused by the contents being too big for the RenderFlex.
Consider applying a flex factor (e.g. using an Expanded widget) to force the children of the
RenderFlex to fit within the available space instead of being sized to their natural size.
This is considered an error condition because it indicates that there is content that cannot be
seen. If the content is legitimately bigger than the available space, consider clipping it with a
ClipRect widget before putting it in the flex, or using a scrollable container rather than a Flex,
like a ListView.
The specific RenderFlex in question is: RenderFlex#769c7 relayoutBoundary=up5 OVERFLOWING:
  needs compositing
  creator: Column ← Expanded ← Row ← Padding ← _ChatLauncherSuppressor ← LayoutBuilder ←
    SuperadminFormFrame ← LayoutBuilder ← Expanded ← Column ← Stack ← _NoticeHostScope ← ⋯
  parentData: offset=Offset(0.0, 0.0); flex=1; fit=FlexFit.tight (can use size)
  constraints: BoxConstraints(w=343.0, 0.0<=h<=203.0)
  size: Size(343.0, 203.0)
  direction: vertical
  mainAxisAlignment: start
  mainAxisSize: max
  crossAxisAlignment: stretch
  verticalDirection: down
  spacing: 0.0
◢◤◢◤◢◤◢◤◢◤◢◤◢◤◢◤◢◤◢◤◢◤◢◤◢◤◢◤◢◤◢◤◢◤◢◤◢◤◢◤◢◤◢◤◢◤◢◤◢◤◢◤◢◤◢◤◢◤◢◤◢◤◢◤◢◤◢◤◢◤◢◤◢◤◢◤◢◤◢◤◢◤◢◤◢◤◢◤◢◤◢◤◢◤◢◤◢◤◢◤
════════════════════════════════════════════════════════════════════════════════════════════════════
══╡ EXCEPTION CAUGHT BY FLUTTER TEST FRAMEWORK ╞════════════════════════════════════════════════════
The following TestFailure was thrown running a test:
Expected: exactly one matching candidate
  Actual: _TypeWidgetFinder:<Found 0 widgets with type "CoeloDateRangePicker": []>
   Which: means none were found but one was expected

When the exception was thrown, this was the stack:
#4      main.<anonymous closure> (file:///C:/Users/adrie/Documents/Coelo.worktrees/e2-r08-formularios-cuidado-rotina/apps/superadmin/test/features/health_care/presentation/medication_plan_ui_contract_test.dart:651:5)
<asynchronous suspension>
#5      testWidgets.<anonymous closure>.<anonymous closure> (package:flutter_test/src/widget_tester.dart:192:15)
<asynchronous suspension>
#6      TestWidgetsFlutterBinding._runTestBody (package:flutter_test/src/binding.dart:1952:5)
<asynchronous suspension>
<asynchronous suspension>
(elided one frame from package:stack_trace)

This was caught by the test expectation on the following line:
  file:///C:/Users/adrie/Documents/Coelo.worktrees/e2-r08-formularios-cuidado-rotina/apps/superadmin/test/features/health_care/presentation/medication_plan_ui_contract_test.dart line 651
The test description was:
  medication date uses the Coelo picker at 375 pixels and 200 percent text
════════════════════════════════════════════════════════════════════════════════════════════════════
══╡ EXCEPTION CAUGHT BY FLUTTER TEST FRAMEWORK ╞════════════════════════════════════════════════════
The following message was thrown:
Multiple exceptions (2) were detected during the running of the current test, and at least one was
unexpected.
════════════════════════════════════════════════════════════════════════════════════════════════════
00:01 +0 -1: medication date uses the Coelo picker at 375 pixels and 200 percent text [E]
  Test failed. See exception logs above.
  The test description was: medication date uses the Coelo picker at 375 pixels and 200 percent text
  
00:01 +0 -1: Some tests failed.

Failing tests:
  C:/Users/adrie/Documents/Coelo.worktrees/e2-r08-formularios-cuidado-rotina/apps/superadmin/test/features/health_care/presentation/medication_plan_ui_contract_test.dart: medication date uses the Coelo picker at 375 pixels and 200 percent text
