00:00 +0: loading C:/Users/adrie/Documents/Coelo.worktrees/e2-r09-coordenacao-20260912-1542/apps/superadmin/test/features/platform_users/presentation/platform_user_form_context_test.dart
00:00 +0: normal creation loads real profile and institution IDs before submitting
══╡ EXCEPTION CAUGHT BY FLUTTER TEST FRAMEWORK ╞════════════════════════════════════════════════════
The following TestFailure was thrown running a test:
Expected: exactly one matching candidate
  Actual: _TextWidgetFinder:<Found 0 widgets with text "Carregando usuário interno": []>
   Which: means none were found but one was expected

When the exception was thrown, this was the stack:
#4      main.<anonymous closure> (file:///C:/Users/adrie/Documents/Coelo.worktrees/e2-r09-coordenacao-20260912-1542/apps/superadmin/test/features/platform_users/presentation/platform_user_form_context_test.dart:24:5)
<asynchronous suspension>
#5      testWidgets.<anonymous closure>.<anonymous closure> (package:flutter_test/src/widget_tester.dart:192:15)
<asynchronous suspension>
#6      TestWidgetsFlutterBinding._runTestBody (package:flutter_test/src/binding.dart:1952:5)
<asynchronous suspension>
<asynchronous suspension>
(elided one frame from package:stack_trace)

This was caught by the test expectation on the following line:
  file:///C:/Users/adrie/Documents/Coelo.worktrees/e2-r09-coordenacao-20260912-1542/apps/superadmin/test/features/platform_users/presentation/platform_user_form_context_test.dart line 24
The test description was:
  normal creation loads real profile and institution IDs before submitting
════════════════════════════════════════════════════════════════════════════════════════════════════
00:01 +0 -1: normal creation loads real profile and institution IDs before submitting [E]
  Test failed. See exception logs above.
  The test description was: normal creation loads real profile and institution IDs before submitting

00:01 +0 -1: Some tests failed.

Failing tests:
  C:/Users/adrie/Documents/Coelo.worktrees/e2-r09-coordenacao-20260912-1542/apps/superadmin/test/features/platform_users/presentation/platform_user_form_context_test.dart: normal creation loads real profile and institution IDs before submitting
