BEGIN
CREATE EXTENSION
1..14
INSERT 0 1
INSERT 0 1
INSERT 0 1
INSERT 0 1
INSERT 0 1
ok 1 - objeto: nulo vira {}
ok 2 - array: objeto por nivel vira duas regras (instituicao e unidade); excluidos ficam fora
CREATE TABLE
GRANT
SET
9b000000-0000-4000-8000-000000000001
{"sub":"9b000000-0000-4000-8000-000000000001","aal":"aal1","role":"authenticated"}
INSERT 0 1
ok 3 - rascunho criado com scopeRules objeto
RESET
ok 4 - scope_rules gravado como objeto (check meal_plans_scope_rules_array_check)
ok 5 - scope_rules preserva o objeto do cliente
ok 6 - meal_plan_scopes recebe a regra derivada da instituicao
SET
9b000000-0000-4000-8000-000000000001
{"sub":"9b000000-0000-4000-8000-000000000001","aal":"aal1","role":"authenticated"}
INSERT 0 1
RESET
ok 7 - lista do cliente e convertida para objeto na gravacao
ok 8 - meal_plan_scopes reescrito a partir da lista
ok 9 - helpers sem execute para cliente
INSERT 0 1
INSERT 0 1
INSERT 0 1
INSERT 0 1
INSERT 0 1
SET
9b000000-0000-4000-8000-000000000002
{"sub":"9b000000-0000-4000-8000-000000000002","aal":"aal1","role":"authenticated"}
ok 10 - RLS hides tenant A plan from scoped B actor
not ok 11 - scoped B cannot fetch tenant A plan
# Failed test 11: "scoped B cannot fetch tenant A plan"
#       caught: P0002: meal plan not found
#       wanted: 42501
not ok 12 - scoped B cannot edit tenant A plan
# Failed test 12: "scoped B cannot edit tenant A plan"
#       caught: P0002: meal plan not found
#       wanted: 42501
not ok 13 - scoped B cannot publish tenant A plan
# Failed test 13: "scoped B cannot publish tenant A plan"
#       caught: P0002: meal plan not found
#       wanted: 42501
RESET
ok 14 - denials preserve the edited plan
# Looks like you failed 3 tests of 14
ROLLBACK
NOTICE:  extension "pgtap" already exists, skipping
NOTICE:  table "internal_actor_targets" does not exist, skipping
NOTICE:  table "internal_actor_targets" does not exist, skipping
