[rtk] /!\ No hook installed — run `rtk init -g` for automatic token savings
00:00 +0: loading C:/Users/adrie/Documents/Coelo.worktrees/e2-r08-principal-chat-sistema/apps/superadmin/test/features/principal_chat/principal_chat_attachment_test.dart
00:00 +0: C:/Users/adrie/Documents/Coelo.worktrees/e2-r08-principal-chat-sistema/apps/superadmin/test/features/principal_chat/principal_chat_attachment_test.dart: private read is explicit and expired ticket retries at width 375.0
00:00 +1: C:/Users/adrie/Documents/Coelo.worktrees/e2-r08-principal-chat-sistema/apps/superadmin/test/features/principal_chat/principal_chat_attachment_test.dart: private read is explicit and expired ticket retries at width 1440.0
00:00 +2: C:/Users/adrie/Documents/Coelo.worktrees/e2-r08-principal-chat-sistema/apps/superadmin/test/features/principal_chat/principal_chat_attachment_test.dart: repository replacement closes owned preview and discards late private URL
00:00 +3: loading C:/Users/adrie/Documents/Coelo.worktrees/e2-r08-principal-chat-sistema/apps/superadmin/test/features/chat/presentation/superadmin_chat_image_dialog_test.dart
00:01 +3: C:/Users/adrie/Documents/Coelo.worktrees/e2-r08-principal-chat-sistema/apps/superadmin/test/features/chat/presentation/superadmin_chat_image_dialog_test.dart: captured image retry rejects dispose
00:01 +4: C:/Users/adrie/Documents/Coelo.worktrees/e2-r08-principal-chat-sistema/apps/superadmin/test/features/chat/presentation/superadmin_chat_image_dialog_test.dart: captured image retry rejects context
00:02 +5: C:/Users/adrie/Documents/Coelo.worktrees/e2-r08-principal-chat-sistema/apps/superadmin/test/features/chat/presentation/superadmin_chat_image_dialog_test.dart: captured image retry rejects double-retry
00:02 +6: C:/Users/adrie/Documents/Coelo.worktrees/e2-r08-principal-chat-sistema/apps/superadmin/test/features/chat/presentation/superadmin_chat_image_dialog_test.dart: image state loading width=375.0 dark=false text200
00:02 +7: C:/Users/adrie/Documents/Coelo.worktrees/e2-r08-principal-chat-sistema/apps/superadmin/test/features/chat/presentation/superadmin_chat_image_dialog_test.dart: image state processing width=375.0 dark=false text200
00:02 +8: C:/Users/adrie/Documents/Coelo.worktrees/e2-r08-principal-chat-sistema/apps/superadmin/test/features/chat/presentation/superadmin_chat_image_dialog_test.dart: image state expired width=375.0 dark=false text200
00:02 +9: C:/Users/adrie/Documents/Coelo.worktrees/e2-r08-principal-chat-sistema/apps/superadmin/test/features/chat/presentation/superadmin_chat_image_dialog_test.dart: image state unavailable width=375.0 dark=false text200
00:02 +10: C:/Users/adrie/Documents/Coelo.worktrees/e2-r08-principal-chat-sistema/apps/superadmin/test/features/chat/presentation/superadmin_chat_image_dialog_test.dart: image state available width=375.0 dark=false text200
00:02 +11: C:/Users/adrie/Documents/Coelo.worktrees/e2-r08-principal-chat-sistema/apps/superadmin/test/features/chat/presentation/superadmin_chat_image_dialog_test.dart: image state loading width=768.0 dark=false text200
00:02 +12: C:/Users/adrie/Documents/Coelo.worktrees/e2-r08-principal-chat-sistema/apps/superadmin/test/features/chat/presentation/superadmin_chat_image_dialog_test.dart: image state processing width=768.0 dark=false text200
00:02 +13: C:/Users/adrie/Documents/Coelo.worktrees/e2-r08-principal-chat-sistema/apps/superadmin/test/features/chat/presentation/superadmin_chat_image_dialog_test.dart: image state expired width=768.0 dark=false text200
00:02 +14: C:/Users/adrie/Documents/Coelo.worktrees/e2-r08-principal-chat-sistema/apps/superadmin/test/features/chat/presentation/superadmin_chat_image_dialog_test.dart: image state unavailable width=768.0 dark=false text200
00:02 +15: C:/Users/adrie/Documents/Coelo.worktrees/e2-r08-principal-chat-sistema/apps/superadmin/test/features/chat/presentation/superadmin_chat_image_dialog_test.dart: image state available width=768.0 dark=false text200
00:02 +16: C:/Users/adrie/Documents/Coelo.worktrees/e2-r08-principal-chat-sistema/apps/superadmin/test/features/chat/presentation/superadmin_chat_image_dialog_test.dart: image state loading width=1024.0 dark=false text200
00:02 +17: C:/Users/adrie/Documents/Coelo.worktrees/e2-r08-principal-chat-sistema/apps/superadmin/test/features/chat/presentation/superadmin_chat_image_dialog_test.dart: image state processing width=1024.0 dark=false text200
00:02 +18: C:/Users/adrie/Documents/Coelo.worktrees/e2-r08-principal-chat-sistema/apps/superadmin/test/features/chat/presentation/superadmin_chat_image_dialog_test.dart: image state expired width=1024.0 dark=false text200
00:02 +19: C:/Users/adrie/Documents/Coelo.worktrees/e2-r08-principal-chat-sistema/apps/superadmin/test/features/chat/presentation/superadmin_chat_image_dialog_test.dart: image state unavailable width=1024.0 dark=false text200
00:02 +20: C:/Users/adrie/Documents/Coelo.worktrees/e2-r08-principal-chat-sistema/apps/superadmin/test/features/chat/presentation/superadmin_chat_image_dialog_test.dart: image state available width=1024.0 dark=false text200
00:02 +21: C:/Users/adrie/Documents/Coelo.worktrees/e2-r08-principal-chat-sistema/apps/superadmin/test/features/chat/presentation/superadmin_chat_image_dialog_test.dart: image state loading width=1440.0 dark=false text200
00:02 +22: C:/Users/adrie/Documents/Coelo.worktrees/e2-r08-principal-chat-sistema/apps/superadmin/test/features/chat/presentation/superadmin_chat_image_dialog_test.dart: image state processing width=1440.0 dark=false text200
00:02 +23: C:/Users/adrie/Documents/Coelo.worktrees/e2-r08-principal-chat-sistema/apps/superadmin/test/features/chat/presentation/superadmin_chat_image_dialog_test.dart: image state expired width=1440.0 dark=false text200
00:03 +24: C:/Users/adrie/Documents/Coelo.worktrees/e2-r08-principal-chat-sistema/apps/superadmin/test/features/chat/presentation/superadmin_chat_image_dialog_test.dart: image state unavailable width=1440.0 dark=false text200
00:03 +25: C:/Users/adrie/Documents/Coelo.worktrees/e2-r08-principal-chat-sistema/apps/superadmin/test/features/chat/presentation/superadmin_chat_image_dialog_test.dart: image state available width=1440.0 dark=false text200
00:03 +26: C:/Users/adrie/Documents/Coelo.worktrees/e2-r08-principal-chat-sistema/apps/superadmin/test/features/chat/presentation/superadmin_chat_image_dialog_test.dart: image state loading width=375.0 dark=true text200
00:03 +27: C:/Users/adrie/Documents/Coelo.worktrees/e2-r08-principal-chat-sistema/apps/superadmin/test/features/chat/presentation/superadmin_chat_image_dialog_test.dart: image state processing width=375.0 dark=true text200
00:03 +28: C:/Users/adrie/Documents/Coelo.worktrees/e2-r08-principal-chat-sistema/apps/superadmin/test/features/chat/presentation/superadmin_chat_image_dialog_test.dart: image state expired width=375.0 dark=true text200
00:03 +29: C:/Users/adrie/Documents/Coelo.worktrees/e2-r08-principal-chat-sistema/apps/superadmin/test/features/chat/presentation/superadmin_chat_image_dialog_test.dart: image state unavailable width=375.0 dark=true text200
00:03 +30: C:/Users/adrie/Documents/Coelo.worktrees/e2-r08-principal-chat-sistema/apps/superadmin/test/features/chat/presentation/superadmin_chat_image_dialog_test.dart: image state available width=375.0 dark=true text200
00:03 +31: C:/Users/adrie/Documents/Coelo.worktrees/e2-r08-principal-chat-sistema/apps/superadmin/test/features/chat/presentation/superadmin_chat_image_dialog_test.dart: image state loading width=768.0 dark=true text200
00:03 +32: C:/Users/adrie/Documents/Coelo.worktrees/e2-r08-principal-chat-sistema/apps/superadmin/test/features/chat/presentation/superadmin_chat_image_dialog_test.dart: image state processing width=768.0 dark=true text200
00:03 +33: C:/Users/adrie/Documents/Coelo.worktrees/e2-r08-principal-chat-sistema/apps/superadmin/test/features/chat/presentation/superadmin_chat_image_dialog_test.dart: image state expired width=768.0 dark=true text200
00:03 +34: C:/Users/adrie/Documents/Coelo.worktrees/e2-r08-principal-chat-sistema/apps/superadmin/test/features/chat/presentation/superadmin_chat_image_dialog_test.dart: image state unavailable width=768.0 dark=true text200
00:03 +35: C:/Users/adrie/Documents/Coelo.worktrees/e2-r08-principal-chat-sistema/apps/superadmin/test/features/chat/presentation/superadmin_chat_image_dialog_test.dart: image state available width=768.0 dark=true text200
00:03 +36: C:/Users/adrie/Documents/Coelo.worktrees/e2-r08-principal-chat-sistema/apps/superadmin/test/features/chat/presentation/superadmin_chat_image_dialog_test.dart: image state loading width=1024.0 dark=true text200
00:03 +37: C:/Users/adrie/Documents/Coelo.worktrees/e2-r08-principal-chat-sistema/apps/superadmin/test/features/chat/presentation/superadmin_chat_image_dialog_test.dart: image state processing width=1024.0 dark=true text200
00:03 +38: C:/Users/adrie/Documents/Coelo.worktrees/e2-r08-principal-chat-sistema/apps/superadmin/test/features/chat/presentation/superadmin_chat_image_dialog_test.dart: image state expired width=1024.0 dark=true text200
00:03 +39: C:/Users/adrie/Documents/Coelo.worktrees/e2-r08-principal-chat-sistema/apps/superadmin/test/features/chat/presentation/superadmin_chat_image_dialog_test.dart: image state unavailable width=1024.0 dark=true text200
00:03 +40: C:/Users/adrie/Documents/Coelo.worktrees/e2-r08-principal-chat-sistema/apps/superadmin/test/features/chat/presentation/superadmin_chat_image_dialog_test.dart: image state available width=1024.0 dark=true text200
00:03 +41: C:/Users/adrie/Documents/Coelo.worktrees/e2-r08-principal-chat-sistema/apps/superadmin/test/features/chat/presentation/superadmin_chat_image_dialog_test.dart: image state loading width=1440.0 dark=true text200
00:03 +42: C:/Users/adrie/Documents/Coelo.worktrees/e2-r08-principal-chat-sistema/apps/superadmin/test/features/chat/presentation/superadmin_chat_image_dialog_test.dart: image state processing width=1440.0 dark=true text200
00:03 +43: C:/Users/adrie/Documents/Coelo.worktrees/e2-r08-principal-chat-sistema/apps/superadmin/test/features/chat/presentation/superadmin_chat_image_dialog_test.dart: image state expired width=1440.0 dark=true text200
00:03 +44: C:/Users/adrie/Documents/Coelo.worktrees/e2-r08-principal-chat-sistema/apps/superadmin/test/features/chat/presentation/superadmin_chat_image_dialog_test.dart: image state unavailable width=1440.0 dark=true text200
00:03 +45: C:/Users/adrie/Documents/Coelo.worktrees/e2-r08-principal-chat-sistema/apps/superadmin/test/features/chat/presentation/superadmin_chat_image_dialog_test.dart: image state available width=1440.0 dark=true text200
00:03 +46: C:/Users/adrie/Documents/Coelo.worktrees/e2-r08-principal-chat-sistema/apps/superadmin/test/features/chat/presentation/superadmin_chat_image_dialog_test.dart: decoded Flutter cache entry is evicted when its session is invalidated
00:03 +47: C:/Users/adrie/Documents/Coelo.worktrees/e2-r08-principal-chat-sistema/apps/superadmin/test/features/chat/presentation/superadmin_chat_image_dialog_test.dart: context replacement rejects old response and unregisters old purge
00:03 +48: C:/Users/adrie/Documents/Coelo.worktrees/e2-r08-principal-chat-sistema/apps/superadmin/test/features/chat/presentation/superadmin_chat_image_dialog_test.dart: dispose rejects pending response and leaves no session cleanup error
00:03 +49: C:/Users/adrie/Documents/Coelo.worktrees/e2-r08-principal-chat-sistema/apps/superadmin/test/features/chat/presentation/superadmin_chat_image_dialog_test.dart: active image is removed on invalidation without retry or new read
00:04 +50: C:/Users/adrie/Documents/Coelo.worktrees/e2-r08-principal-chat-sistema/apps/superadmin/test/features/chat/presentation/superadmin_chat_image_dialog_test.dart: image load error clears temporary provider and enables explicit retry
00:04 +51: C:/Users/adrie/Documents/Coelo.worktrees/e2-r08-principal-chat-sistema/apps/superadmin/test/features/chat/presentation/superadmin_chat_image_dialog_test.dart: requests only canonical preview and shows loading without duplicate reads
00:04 +52: C:/Users/adrie/Documents/Coelo.worktrees/e2-r08-principal-chat-sistema/apps/superadmin/test/features/chat/presentation/superadmin_chat_image_dialog_test.dart: processing has no image and retries only explicitly
00:04 +53: C:/Users/adrie/Documents/Coelo.worktrees/e2-r08-principal-chat-sistema/apps/superadmin/test/features/chat/presentation/superadmin_chat_image_dialog_test.dart: expired has no image and retries only explicitly
00:04 +54: C:/Users/adrie/Documents/Coelo.worktrees/e2-r08-principal-chat-sistema/apps/superadmin/test/features/chat/presentation/superadmin_chat_image_dialog_test.dart: unavailable has no image and retries only explicitly
00:04 +55: C:/Users/adrie/Documents/Coelo.worktrees/e2-r08-principal-chat-sistema/apps/superadmin/test/features/chat/presentation/superadmin_chat_image_dialog_test.dart: invalidated session never requests or accepts pending media
00:04 +56: C:/Users/adrie/Documents/Coelo.worktrees/e2-r08-principal-chat-sistema/apps/superadmin/test/features/chat/presentation/superadmin_chat_image_dialog_test.dart: mismatched asset and private errors become safe unavailable state
00:04 +57: C:/Users/adrie/Documents/Coelo.worktrees/e2-r08-principal-chat-sistema/apps/superadmin/test/features/chat/presentation/superadmin_chat_image_dialog_test.dart: available ticket is temporary and expires without another read
00:04 +58: All tests passed!
